Archive member included to satisfy reference by file (symbol)

app/libapp.a(lwm2m-client.c.obj)
                              (--whole-archive)
zephyr/libzephyr.a(crc32_sw.c.obj)
                              (--whole-archive)
zephyr/libzephyr.a(crc16_sw.c.obj)
                              (--whole-archive)
zephyr/libzephyr.a(crc8_sw.c.obj)
                              (--whole-archive)
zephyr/libzephyr.a(crc7_sw.c.obj)
                              (--whole-archive)
zephyr/libzephyr.a(fdtable.c.obj)
                              (--whole-archive)
zephyr/libzephyr.a(mempool.c.obj)
                              (--whole-archive)
zephyr/libzephyr.a(rb.c.obj)  (--whole-archive)
zephyr/libzephyr.a(thread_entry.c.obj)
                              (--whole-archive)
zephyr/libzephyr.a(work_q.c.obj)
                              (--whole-archive)
zephyr/libzephyr.a(printk.c.obj)
                              (--whole-archive)
zephyr/libzephyr.a(ring_buffer.c.obj)
                              (--whole-archive)
zephyr/libzephyr.a(configs.c.obj)
                              (--whole-archive)
zephyr/libzephyr.a(fnmatch.c.obj)
                              (--whole-archive)
zephyr/libzephyr.a(log_list.c.obj)
                              (--whole-archive)
zephyr/libzephyr.a(log_core.c.obj)
                              (--whole-archive)
zephyr/libzephyr.a(log_msg.c.obj)
                              (--whole-archive)
zephyr/libzephyr.a(log_output.c.obj)
                              (--whole-archive)
zephyr/libzephyr.a(log_cmds.c.obj)
                              (--whole-archive)
zephyr/libzephyr.a(shell.c.obj)
                              (--whole-archive)
zephyr/libzephyr.a(shell_fprintf.c.obj)
                              (--whole-archive)
zephyr/libzephyr.a(shell_utils.c.obj)
                              (--whole-archive)
zephyr/libzephyr.a(shell_ops.c.obj)
                              (--whole-archive)
zephyr/libzephyr.a(shell_uart.c.obj)
                              (--whole-archive)
zephyr/libzephyr.a(shell_help.c.obj)
                              (--whole-archive)
zephyr/libzephyr.a(shell_cmds.c.obj)
                              (--whole-archive)
zephyr/libzephyr.a(shell_history.c.obj)
                              (--whole-archive)
zephyr/libzephyr.a(shell_log_backend.c.obj)
                              (--whole-archive)
zephyr/libzephyr.a(shell_wildcard.c.obj)
                              (--whole-archive)
zephyr/libzephyr.a(coap.c.obj)
                              (--whole-archive)
zephyr/libzephyr.a(coap_link_format.c.obj)
                              (--whole-archive)
zephyr/libzephyr.a(getaddrinfo.c.obj)
                              (--whole-archive)
zephyr/libzephyr.a(getnameinfo.c.obj)
                              (--whole-archive)
zephyr/libzephyr.a(sockets.c.obj)
                              (--whole-archive)
zephyr/libzephyr.a(sockets_select.c.obj)
                              (--whole-archive)
zephyr/libzephyr.a(sockets_misc.c.obj)
                              (--whole-archive)
zephyr/libzephyr.a(rand32_timestamp.c.obj)
                              (--whole-archive)
zephyr/libzephyr.a(uart_console.c.obj)
                              (--whole-archive)
zephyr/libzephyr.a(uart_pipe.c.obj)
                              (--whole-archive)
zephyr/libzephyr.a(ioapic_intr.c.obj)
                              (--whole-archive)
zephyr/libzephyr.a(loapic_intr.c.obj)
                              (--whole-archive)
zephyr/libzephyr.a(system_apic.c.obj)
                              (--whole-archive)
zephyr/libzephyr.a(i8259.c.obj)
                              (--whole-archive)
zephyr/libzephyr.a(slip.c.obj)
                              (--whole-archive)
zephyr/libzephyr.a(sys_clock_init.c.obj)
                              (--whole-archive)
zephyr/libzephyr.a(hpet.c.obj)
                              (--whole-archive)
zephyr/arch/arch/x86/core/libarch__x86__core.a(cache.c.obj)
                              (--whole-archive)
zephyr/arch/arch/x86/core/libarch__x86__core.a(cache_s.S.obj)
                              (--whole-archive)
zephyr/arch/arch/x86/core/libarch__x86__core.a(cpuhalt.c.obj)
                              (--whole-archive)
zephyr/arch/arch/x86/core/libarch__x86__core.a(crt0.S.obj)
                              (--whole-archive)
zephyr/arch/arch/x86/core/libarch__x86__core.a(excstub.S.obj)
                              (--whole-archive)
zephyr/arch/arch/x86/core/libarch__x86__core.a(intstub.S.obj)
                              (--whole-archive)
zephyr/arch/arch/x86/core/libarch__x86__core.a(irq_manage.c.obj)
                              (--whole-archive)
zephyr/arch/arch/x86/core/libarch__x86__core.a(swap.S.obj)
                              (--whole-archive)
zephyr/arch/arch/x86/core/libarch__x86__core.a(sys_fatal_error_handler.c.obj)
                              (--whole-archive)
zephyr/arch/arch/x86/core/libarch__x86__core.a(thread.c.obj)
[...]
Memory Configuration

Name             Origin             Length             Attributes
ROM              0x0000000000001000 0x00000000003ff000 xr
RAM              0x0000000000400000 0x00000000007ff000 xw
IDT_LIST         0x00000000ffff1000 0x0000000000000800
MMU_LIST         0x00000000ffff2000 0x0000000000000400
*default*        0x0000000000000000 0xffffffffffffffff

Linker script and memory map

LOAD zephyr/CMakeFiles/kernel_elf.dir/misc/empty_file.c.obj
LOAD zephyr/arch/arch/x86/staticIdt.o
LOAD zephyr/arch/arch/x86/irq_int_vector_map.o
LOAD zephyr/arch/arch/x86/irq_vectors_alloc.o
LOAD zephyr/arch/arch/x86/mmu_tables.o
LOAD app/libapp.a
LOAD zephyr/libzephyr.a
LOAD zephyr/arch/arch/x86/core/libarch__x86__core.a
LOAD zephyr/lib/libc/minimal/liblib__libc__minimal.a
LOAD zephyr/soc/x86/ia32/libsoc__x86__ia32.a
LOAD zephyr/subsys/net/libsubsys__net.a
LOAD zephyr/subsys/net/l2/ethernet/libsubsys__net__l2__ethernet.a
LOAD zephyr/subsys/net/ip/libsubsys__net__ip.a
LOAD zephyr/subsys/net/lib/lwm2m/libsubsys__net__lib__lwm2m.a
LOAD zephyr/subsys/net/lib/config/libsubsys__net__lib__config.a
LOAD zephyr/subsys/net/lib/http/libsubsys__net__lib__http.a
LOAD zephyr/drivers/serial/libdrivers__serial.a
LOAD zephyr/kernel/libkernel.a
LOAD zephyr/CMakeFiles/offsets.dir/arch/x86/core/offsets/offsets.c.obj
LOAD /home/tyler/i586-zephyr-elf/bin/../lib/gcc/i586-zephyr-elf/8.3.0/libgcc.a

.rel.plt        0x0000000000001000        0x0
 *(SORT_BY_ALIGNMENT(.rel.plt))
                [!provide]                        PROVIDE (__rel_iplt_start = .)
 *(SORT_BY_ALIGNMENT(.rel.iplt))
 .rel.iplt      0x0000000000001000        0x0 zephyr/CMakeFiles/kernel_elf.dir/misc/empty_file.c.obj
                [!provide]                        PROVIDE (__rel_iplt_end = .)

.rela.plt       0x0000000000000000        0x0
 *(SORT_BY_ALIGNMENT(.rela.plt))
                [!provide]                        PROVIDE (__rela_iplt_start = .)
 *(SORT_BY_ALIGNMENT(.rela.iplt))
                [!provide]                        PROVIDE (__rela_iplt_end = .)

.rel.dyn        0x0000000000001000        0x0
 *(SORT_BY_ALIGNMENT(.rel.*))
 .rel.got       0x0000000000001000        0x0 zephyr/CMakeFiles/kernel_elf.dir/misc/empty_file.c.obj
 .rel.text.rd_client_event
                0x0000000000001000        0x0 zephyr/CMakeFiles/kernel_elf.dir/misc/empty_file.c.obj
 .rel.text.firmware_update_cb
                0x0000000000001000        0x0 zephyr/CMakeFiles/kernel_elf.dir/misc/empty_file.c.obj
 .rel.text.device_factory_default_cb
                0x0000000000001000        0x0 zephyr/CMakeFiles/kernel_elf.dir/misc/empty_file.c.obj
 .rel.text.device_reboot_cb
                0x0000000000001000        0x0 zephyr/CMakeFiles/kernel_elf.dir/misc/empty_file.c.obj
 .rel.text.timer_digital_state_cb
                0x0000000000001000        0x0 zephyr/CMakeFiles/kernel_elf.dir/misc/empty_file.c.obj
 .rel.text.firmware_block_received_cb
                0x0000000000001000        0x0 zephyr/CMakeFiles/kernel_elf.dir/misc/empty_file.c.obj
 .rel.text.led_on_off_cb
                0x0000000000001000        0x0 zephyr/CMakeFiles/kernel_elf.dir/misc/empty_file.c.obj
 .rel.text.main
                0x0000000000001000        0x0 zephyr/CMakeFiles/kernel_elf.dir/misc/empty_file.c.obj
 .rel.data._char_out
                0x0000000000001000        0x0 zephyr/CMakeFiles/kernel_elf.dir/misc/empty_file.c.obj
 .rel.text.log_core_init
                0x0000000000001000        0x0 zephyr/CMakeFiles/kernel_elf.dir/misc/empty_file.c.obj
 .rel.text.dropped_notify
                0x0000000000001000        0x0 zephyr/CMakeFiles/kernel_elf.dir/misc/empty_file.c.obj
 .rel.text.log_process
                0x0000000000001000        0x0 zephyr/CMakeFiles/kernel_elf.dir/misc/empty_file.c.obj
 .rel.text.log_source_name_get
                0x0000000000001000        0x0 zephyr/CMakeFiles/kernel_elf.dir/misc/empty_file.c.obj
 .rel.text.log_filter_set
                0x0000000000001000        0x0 zephyr/CMakeFiles/kernel_elf.dir/misc/empty_file.c.obj
 .rel.text.log_backend_enable
                0x0000000000001000        0x0 zephyr/CMakeFiles/kernel_elf.dir/misc/empty_file.c.obj
 .rel.text.log_init
                0x0000000000001000        0x0 zephyr/CMakeFiles/kernel_elf.dir/misc/empty_file.c.obj
 .rel.text.log_panic
                0x0000000000001000        0x0 zephyr/CMakeFiles/kernel_elf.dir/misc/empty_file.c.obj
 .rel.text.log_backend_disable
                0x0000000000001000        0x0 zephyr/CMakeFiles/kernel_elf.dir/misc/empty_file.c.obj
 .rel.text.log_filter_get
                0x0000000000001000        0x0 zephyr/CMakeFiles/kernel_elf.dir/misc/empty_file.c.obj
 .rel.text.backend_name_get
                0x0000000000001000        0x0 zephyr/CMakeFiles/kernel_elf.dir/misc/empty_file.c.obj
 .rel.text.cmd_log_backends_list
                0x0000000000001000        0x0 zephyr/CMakeFiles/kernel_elf.dir/misc/empty_file.c.obj
 .rel.text.log_status
                0x0000000000001000        0x0 zephyr/CMakeFiles/kernel_elf.dir/misc/empty_file.c.obj
 .rel.text.filters_set
                0x0000000000001000        0x0 zephyr/CMakeFiles/kernel_elf.dir/misc/empty_file.c.obj
 .rel.text.shell_backend_cmd_execute
                0x0000000000001000        0x0 zephyr/CMakeFiles/kernel_elf.dir/misc/empty_file.c.obj
 .rel.text.shell_cmd_get
                0x0000000000001000        0x0 zephyr/CMakeFiles/kernel_elf.dir/misc/empty_file.c.obj
 .rel.text.uart_callback
                0x0000000000001000        0x0 zephyr/CMakeFiles/kernel_elf.dir/misc/empty_file.c.obj
 .rel.text.parse_option
                0x0000000000001000        0x0 zephyr/CMakeFiles/kernel_elf.dir/misc/empty_file.c.obj
 .rel.text.coap_packet_append_option
                0x0000000000001000        0x0 zephyr/CMakeFiles/kernel_elf.dir/misc/empty_file.c.obj
 .rel.text.recv_cb
                0x0000000000001000        0x0 zephyr/CMakeFiles/kernel_elf.dir/misc/empty_file.c.obj
 .rel.text.z_clock_driver_init
                0x0000000000001000        0x0 zephyr/CMakeFiles/kernel_elf.dir/misc/empty_file.c.obj
 .rel.text_start.__start
                0x0000000000001000        0x0 zephyr/CMakeFiles/kernel_elf.dir/misc/empty_file.c.obj
 .rel.mmulist   0x0000000000001000        0x0 zephyr/CMakeFiles/kernel_elf.dir/misc/empty_file.c.obj
 .rel.text.z_NanoFatalErrorHandler
                0x0000000000001000        0x0 zephyr/CMakeFiles/kernel_elf.dir/misc/empty_file.c.obj
 .rel.text.page_fault_handler
                0x0000000000001000        0x0 zephyr/CMakeFiles/kernel_elf.dir/misc/empty_file.c.obj
 .rel.text.net_buf_id
                0x0000000000001000        0x0 zephyr/CMakeFiles/kernel_elf.dir/misc/empty_file.c.obj
 .rel.text.fixed_data_alloc
                0x0000000000001000        0x0 zephyr/CMakeFiles/kernel_elf.dir/misc/empty_file.c.obj
 .rel.text.net_buf_alloc_len
                0x0000000000001000        0x0 zephyr/CMakeFiles/kernel_elf.dir/misc/empty_file.c.obj
 .rel.text.net_buf_unref
                0x0000000000001000        0x0 zephyr/CMakeFiles/kernel_elf.dir/misc/empty_file.c.obj
 .rel.text.net_arp_prepare
                0x0000000000001000        0x0 zephyr/CMakeFiles/kernel_elf.dir/misc/empty_file.c.obj
 .rel.text.net_context_bind
                0x0000000000001000        0x0 zephyr/CMakeFiles/kernel_elf.dir/misc/empty_file.c.obj
 .rel.text.net_if_get_default
                0x0000000000001000        0x0 zephyr/CMakeFiles/kernel_elf.dir/misc/empty_file.c.obj
 .rel.text.rs_timeout
                0x0000000000001000        0x0 zephyr/CMakeFiles/kernel_elf.dir/misc/empty_file.c.obj
 .rel.text.net_if_ipv6_addr_lookup
                0x0000000000001000        0x0 zephyr/CMakeFiles/kernel_elf.dir/misc/empty_file.c.obj
 .rel.text.net_if_ipv6_addr_add
                0x0000000000001000        0x0 zephyr/CMakeFiles/kernel_elf.dir/misc/empty_file.c.obj
 .rel.text.net_if_start_dad
                0x0000000000001000        0x0 zephyr/CMakeFiles/kernel_elf.dir/misc/empty_file.c.obj
 .rel.text.net_if_ipv6_dad_failed
                0x0000000000001000        0x0 zephyr/CMakeFiles/kernel_elf.dir/misc/empty_file.c.obj
 .rel.text.net_if_ipv6_maddr_lookup
                0x0000000000001000        0x0 zephyr/CMakeFiles/kernel_elf.dir/misc/empty_file.c.obj
 .rel.text.net_if_ipv6_prefix_get
                0x0000000000001000        0x0 zephyr/CMakeFiles/kernel_elf.dir/misc/empty_file.c.obj
 .rel.text.net_if_ipv6_addr_onlink
                0x0000000000001000        0x0 zephyr/CMakeFiles/kernel_elf.dir/misc/empty_file.c.obj
 .rel.text.net_if_ipv6_select_src_addr
                0x0000000000001000        0x0 zephyr/CMakeFiles/kernel_elf.dir/misc/empty_file.c.obj
 .rel.text.net_if_ipv6_select_src_iface
                0x0000000000001000        0x0 zephyr/CMakeFiles/kernel_elf.dir/misc/empty_file.c.obj
 .rel.text.net_if_ipv4_is_addr_bcast
                0x0000000000001000        0x0 zephyr/CMakeFiles/kernel_elf.dir/misc/empty_file.c.obj
 .rel.text.net_if_ipv4_select_src_iface
                0x0000000000001000        0x0 zephyr/CMakeFiles/kernel_elf.dir/misc/empty_file.c.obj
 .rel.text.net_if_ipv4_select_src_addr
                0x0000000000001000        0x0 zephyr/CMakeFiles/kernel_elf.dir/misc/empty_file.c.obj
 .rel.text.net_if_ipv4_addr_lookup
                0x0000000000001000        0x0 zephyr/CMakeFiles/kernel_elf.dir/misc/empty_file.c.obj
 .rel.text.net_if_ipv4_maddr_lookup
                0x0000000000001000        0x0 zephyr/CMakeFiles/kernel_elf.dir/misc/empty_file.c.obj
 .rel.text.process_tx_packet
                0x0000000000001000        0x0 zephyr/CMakeFiles/kernel_elf.dir/misc/empty_file.c.obj
 .rel.text.net_if_send_data
                0x0000000000001000        0x0 zephyr/CMakeFiles/kernel_elf.dir/misc/empty_file.c.obj
 .rel.text.net_if_get_by_index
                0x0000000000001000        0x0 zephyr/CMakeFiles/kernel_elf.dir/misc/empty_file.c.obj
 .rel.text.net_if_get_by_iface
                0x0000000000001000        0x0 zephyr/CMakeFiles/kernel_elf.dir/misc/empty_file.c.obj
 .rel.text.net_if_foreach
                0x0000000000001000        0x0 zephyr/CMakeFiles/kernel_elf.dir/misc/empty_file.c.obj
 .rel.text.net_if_init
                0x0000000000001000        0x0 zephyr/CMakeFiles/kernel_elf.dir/misc/empty_file.c.obj
 .rel.text.net_if_post_init
                0x0000000000001000        0x0 zephyr/CMakeFiles/kernel_elf.dir/misc/empty_file.c.obj
 .rel.text.net_pkt_alloc_buffer
                0x0000000000001000        0x0 zephyr/CMakeFiles/kernel_elf.dir/misc/empty_file.c.obj
 .rel.text.net_pkt_get_data
                0x0000000000001000        0x0 zephyr/CMakeFiles/kernel_elf.dir/misc/empty_file.c.obj
 .rel.text.net_ipv6_input
                0x0000000000001000        0x0 zephyr/CMakeFiles/kernel_elf.dir/misc/empty_file.c.obj
 .rel.text.dad_failed
                0x0000000000001000        0x0 zephyr/CMakeFiles/kernel_elf.dir/misc/empty_file.c.obj
 .rel.text.handle_na_input
                0x0000000000001000        0x0 zephyr/CMakeFiles/kernel_elf.dir/misc/empty_file.c.obj
 .rel.text.net_ipv6_nbr_add
                0x0000000000001000        0x0 zephyr/CMakeFiles/kernel_elf.dir/misc/empty_file.c.obj
 .rel.text.handle_ra_input
                0x0000000000001000        0x0 zephyr/CMakeFiles/kernel_elf.dir/misc/empty_file.c.obj
 .rel.text.handle_ns_input
                0x0000000000001000        0x0 zephyr/CMakeFiles/kernel_elf.dir/misc/empty_file.c.obj
 .rel.text.net_route_get_nexthop
                0x0000000000001000        0x0 zephyr/CMakeFiles/kernel_elf.dir/misc/empty_file.c.obj
 .rel.text.net_route_packet
                0x0000000000001000        0x0 zephyr/CMakeFiles/kernel_elf.dir/misc/empty_file.c.obj
 .rel.text.cmd_net_stacks
                0x0000000000001000        0x0 zephyr/CMakeFiles/kernel_elf.dir/misc/empty_file.c.obj
 .rel.text.net_conn_register
                0x0000000000001000        0x0 zephyr/CMakeFiles/kernel_elf.dir/misc/empty_file.c.obj
 .rel.text.update_attrs
                0x0000000000001000        0x0 zephyr/CMakeFiles/kernel_elf.dir/misc/empty_file.c.obj
 .rel.text.select_writer
                0x0000000000001000        0x0 zephyr/CMakeFiles/kernel_elf.dir/misc/empty_file.c.obj
 .rel.text.get_block_ctx
                0x0000000000001000        0x0 zephyr/CMakeFiles/kernel_elf.dir/misc/empty_file.c.obj
 .rel.text.do_read_op
                0x0000000000001000        0x0 zephyr/CMakeFiles/kernel_elf.dir/misc/empty_file.c.obj
 .rel.text.string_to_path.constprop.18
                0x0000000000001000        0x0 zephyr/CMakeFiles/kernel_elf.dir/misc/empty_file.c.obj
 .rel.text.engine_remove_observer
                0x0000000000001000        0x0 zephyr/CMakeFiles/kernel_elf.dir/misc/empty_file.c.obj
 .rel.text.notify_message_reply_cb
                0x0000000000001000        0x0 zephyr/CMakeFiles/kernel_elf.dir/misc/empty_file.c.obj
 .rel.text.lwm2m_engine_init
                0x0000000000001000        0x0 zephyr/CMakeFiles/kernel_elf.dir/misc/empty_file.c.obj
 .rel.text.lwm2m_sprint_ip_addr
                0x0000000000001000        0x0 zephyr/CMakeFiles/kernel_elf.dir/misc/empty_file.c.obj
 .rel.text.lwm2m_notify_observer
                0x0000000000001000        0x0 zephyr/CMakeFiles/kernel_elf.dir/misc/empty_file.c.obj
 .rel.text.path_to_objs
                0x0000000000001000        0x0 zephyr/CMakeFiles/kernel_elf.dir/misc/empty_file.c.obj
 .rel.text.lwm2m_engine_set
                0x0000000000001000        0x0 zephyr/CMakeFiles/kernel_elf.dir/misc/empty_file.c.obj
 .rel.text.lwm2m_engine_get
                0x0000000000001000        0x0 zephyr/CMakeFiles/kernel_elf.dir/misc/empty_file.c.obj
 .rel.text.lwm2m_delete_obj_inst
                0x0000000000001000        0x0 zephyr/CMakeFiles/kernel_elf.dir/misc/empty_file.c.obj
 .rel.text.lwm2m_create_obj_inst
                0x0000000000001000        0x0 zephyr/CMakeFiles/kernel_elf.dir/misc/empty_file.c.obj
 .rel.text.retransmit_request
                0x0000000000001000        0x0 zephyr/CMakeFiles/kernel_elf.dir/misc/empty_file.c.obj
 .rel.text.lwm2m_init_message
                0x0000000000001000        0x0 zephyr/CMakeFiles/kernel_elf.dir/misc/empty_file.c.obj
 .rel.text.handle_request
                0x0000000000001000        0x0 zephyr/CMakeFiles/kernel_elf.dir/misc/empty_file.c.obj
 .rel.text.lwm2m_send_message
                0x0000000000001000        0x0 zephyr/CMakeFiles/kernel_elf.dir/misc/empty_file.c.obj
 .rel.text.generate_notify_message
                0x0000000000001000        0x0 zephyr/CMakeFiles/kernel_elf.dir/misc/empty_file.c.obj
 .rel.text.socket_receive_loop
                0x0000000000001000        0x0 zephyr/CMakeFiles/kernel_elf.dir/misc/empty_file.c.obj
 .rel.text.lwm2m_engine_create_obj_inst
                0x0000000000001000        0x0 zephyr/CMakeFiles/kernel_elf.dir/misc/empty_file.c.obj
 .rel.text.lwm2m_engine_set_res_data
                0x0000000000001000        0x0 zephyr/CMakeFiles/kernel_elf.dir/misc/empty_file.c.obj
 .rel.text.lwm2m_engine_get_res_data
                0x0000000000001000        0x0 zephyr/CMakeFiles/kernel_elf.dir/misc/empty_file.c.obj
 .rel.text.lwm2m_engine_get_resource
                0x0000000000001000        0x0 zephyr/CMakeFiles/kernel_elf.dir/misc/empty_file.c.obj
 .rel.text.lwm2m_write_handler
                0x0000000000001000        0x0 zephyr/CMakeFiles/kernel_elf.dir/misc/empty_file.c.obj
 .rel.text.lwm2m_perform_read_op
                0x0000000000001000        0x0 zephyr/CMakeFiles/kernel_elf.dir/misc/empty_file.c.obj
 .rel.text.lwm2m_engine_service
                0x0000000000001000        0x0 zephyr/CMakeFiles/kernel_elf.dir/misc/empty_file.c.obj
 .rel.text.lwm2m_socket_start
                0x0000000000001000        0x0 zephyr/CMakeFiles/kernel_elf.dir/misc/empty_file.c.obj
 .rel.text.lwm2m_parse_peerinfo
                0x0000000000001000        0x0 zephyr/CMakeFiles/kernel_elf.dir/misc/empty_file.c.obj
 .rel.text.lwm2m_security_init
                0x0000000000001000        0x0 zephyr/CMakeFiles/kernel_elf.dir/misc/empty_file.c.obj
 .rel.text.security_create
                0x0000000000001000        0x0 zephyr/CMakeFiles/kernel_elf.dir/misc/empty_file.c.obj
 .rel.text.lwm2m_server_init
                0x0000000000001000        0x0 zephyr/CMakeFiles/kernel_elf.dir/misc/empty_file.c.obj
 .rel.text.disable_cb
                0x0000000000001000        0x0 zephyr/CMakeFiles/kernel_elf.dir/misc/empty_file.c.obj
 .rel.text.server_create
                0x0000000000001000        0x0 zephyr/CMakeFiles/kernel_elf.dir/misc/empty_file.c.obj
 .rel.text.device_create
                0x0000000000001000        0x0 zephyr/CMakeFiles/kernel_elf.dir/misc/empty_file.c.obj
 .rel.text.lwm2m_device_init
                0x0000000000001000        0x0 zephyr/CMakeFiles/kernel_elf.dir/misc/empty_file.c.obj
 .rel.text.factory_default_cb
                0x0000000000001000        0x0 zephyr/CMakeFiles/kernel_elf.dir/misc/empty_file.c.obj
 .rel.text.reboot_cb
                0x0000000000001000        0x0 zephyr/CMakeFiles/kernel_elf.dir/misc/empty_file.c.obj
 .rel.text.current_time_post_write_cb
                0x0000000000001000        0x0 zephyr/CMakeFiles/kernel_elf.dir/misc/empty_file.c.obj
 .rel.text.lwm2m_device_add_pwrsrc
                0x0000000000001000        0x0 zephyr/CMakeFiles/kernel_elf.dir/misc/empty_file.c.obj
 .rel.text.lwm2m_device_set_pwrsrc_voltage_mv
                0x0000000000001000        0x0 zephyr/CMakeFiles/kernel_elf.dir/misc/empty_file.c.obj
 .rel.text.lwm2m_device_set_pwrsrc_current_ma
                0x0000000000001000        0x0 zephyr/CMakeFiles/kernel_elf.dir/misc/empty_file.c.obj
 .rel.text.get_number
                0x0000000000001000        0x0 zephyr/CMakeFiles/kernel_elf.dir/misc/empty_file.c.obj
 .rel.text.get_float64fix
                0x0000000000001000        0x0 zephyr/CMakeFiles/kernel_elf.dir/misc/empty_file.c.obj
 .rel.text.get_float32fix
                0x0000000000001000        0x0 zephyr/CMakeFiles/kernel_elf.dir/misc/empty_file.c.obj
 .rel.text.put_float64fix
                0x0000000000001000        0x0 zephyr/CMakeFiles/kernel_elf.dir/misc/empty_file.c.obj
 .rel.text.put_float32fix
                0x0000000000001000        0x0 zephyr/CMakeFiles/kernel_elf.dir/misc/empty_file.c.obj
 .rel.text.do_update_reply_cb
                0x0000000000001000        0x0 zephyr/CMakeFiles/kernel_elf.dir/misc/empty_file.c.obj
 .rel.text.do_deregister_reply_cb
                0x0000000000001000        0x0 zephyr/CMakeFiles/kernel_elf.dir/misc/empty_file.c.obj
 .rel.text.do_registration_reply_cb
                0x0000000000001000        0x0 zephyr/CMakeFiles/kernel_elf.dir/misc/empty_file.c.obj
 .rel.text.do_registration_timeout_cb
                0x0000000000001000        0x0 zephyr/CMakeFiles/kernel_elf.dir/misc/empty_file.c.obj
 .rel.text.do_update_timeout_cb
                0x0000000000001000        0x0 zephyr/CMakeFiles/kernel_elf.dir/misc/empty_file.c.obj
 .rel.text.do_deregister_timeout_cb
                0x0000000000001000        0x0 zephyr/CMakeFiles/kernel_elf.dir/misc/empty_file.c.obj
 .rel.text.sm_send_registration
                0x0000000000001000        0x0 zephyr/CMakeFiles/kernel_elf.dir/misc/empty_file.c.obj
 .rel.text.lwm2m_rd_client_service
                0x0000000000001000        0x0 zephyr/CMakeFiles/kernel_elf.dir/misc/empty_file.c.obj
 .rel.text.lwm2m_rd_client_start
                0x0000000000001000        0x0 zephyr/CMakeFiles/kernel_elf.dir/misc/empty_file.c.obj
 .rel.text.firmware_create
                0x0000000000001000        0x0 zephyr/CMakeFiles/kernel_elf.dir/misc/empty_file.c.obj
 .rel.text.lwm2m_firmware_init
                0x0000000000001000        0x0 zephyr/CMakeFiles/kernel_elf.dir/misc/empty_file.c.obj
 .rel.text.lwm2m_firmware_set_update_state
                0x0000000000001000        0x0 zephyr/CMakeFiles/kernel_elf.dir/misc/empty_file.c.obj
 .rel.text.lwm2m_firmware_set_update_result
                0x0000000000001000        0x0 zephyr/CMakeFiles/kernel_elf.dir/misc/empty_file.c.obj
 .rel.text.package_uri_write_cb
                0x0000000000001000        0x0 zephyr/CMakeFiles/kernel_elf.dir/misc/empty_file.c.obj
 .rel.text.package_write_cb
                0x0000000000001000        0x0 zephyr/CMakeFiles/kernel_elf.dir/misc/empty_file.c.obj
 .rel.text.transfer_request.constprop.5
                0x0000000000001000        0x0 zephyr/CMakeFiles/kernel_elf.dir/misc/empty_file.c.obj
 .rel.text.do_transmit_timeout_cb
                0x0000000000001000        0x0 zephyr/CMakeFiles/kernel_elf.dir/misc/empty_file.c.obj
 .rel.text.do_firmware_transfer_reply_cb
                0x0000000000001000        0x0 zephyr/CMakeFiles/kernel_elf.dir/misc/empty_file.c.obj
 .rel.text.firmware_transfer
                0x0000000000001000        0x0 zephyr/CMakeFiles/kernel_elf.dir/misc/empty_file.c.obj
 .rel.text.do_write_op_json
                0x0000000000001000        0x0 zephyr/CMakeFiles/kernel_elf.dir/misc/empty_file.c.obj
 .rel.text.temp_sensor_create
                0x0000000000001000        0x0 zephyr/CMakeFiles/kernel_elf.dir/misc/empty_file.c.obj
 .rel.text.reset_min_max_measured_values_cb
                0x0000000000001000        0x0 zephyr/CMakeFiles/kernel_elf.dir/misc/empty_file.c.obj
 .rel.text.light_control_create
                0x0000000000001000        0x0 zephyr/CMakeFiles/kernel_elf.dir/misc/empty_file.c.obj
 .rel.text.on_time_post_write_cb
                0x0000000000001000        0x0 zephyr/CMakeFiles/kernel_elf.dir/misc/empty_file.c.obj
 .rel.text.timer_create
                0x0000000000001000        0x0 zephyr/CMakeFiles/kernel_elf.dir/misc/empty_file.c.obj
 .rel.text.ipv6_event_handler
                0x0000000000001000        0x0 zephyr/CMakeFiles/kernel_elf.dir/misc/empty_file.c.obj
 .rel.text.net_config_init
                0x0000000000001000        0x0 zephyr/CMakeFiles/kernel_elf.dir/misc/empty_file.c.obj
 .rel.text.init_app
                0x0000000000001000        0x0 zephyr/CMakeFiles/kernel_elf.dir/misc/empty_file.c.obj
 .rel.text.irq_config_func_0
                0x0000000000001000        0x0 zephyr/CMakeFiles/kernel_elf.dir/misc/empty_file.c.obj
 .rel.text.irq_config_func_1
                0x0000000000001000        0x0 zephyr/CMakeFiles/kernel_elf.dir/misc/empty_file.c.obj
 .rel.text.z_impl_device_get_binding
                0x0000000000001000        0x0 zephyr/CMakeFiles/kernel_elf.dir/misc/empty_file.c.obj
 .rel.rodata.config_levels.4832
                0x0000000000001000        0x0 zephyr/CMakeFiles/kernel_elf.dir/misc/empty_file.c.obj
 .rel.text.init_mem_slab_module
                0x0000000000001000        0x0 zephyr/CMakeFiles/kernel_elf.dir/misc/empty_file.c.obj
 .rel.text.init_static_pools
                0x0000000000001000        0x0 zephyr/CMakeFiles/kernel_elf.dir/misc/empty_file.c.obj
 .rel.text.k_mem_pool_alloc
                0x0000000000001000        0x0 zephyr/CMakeFiles/kernel_elf.dir/misc/empty_file.c.obj
 .rel.text.k_mem_pool_free_id
                0x0000000000001000        0x0 zephyr/CMakeFiles/kernel_elf.dir/misc/empty_file.c.obj
 .rel.text.z_init_static_threads
                0x0000000000001000        0x0 zephyr/CMakeFiles/kernel_elf.dir/misc/empty_file.c.obj

.rela.dyn
 *(SORT_BY_ALIGNMENT(.rela.*))

/DISCARD/
 *(SORT_BY_ALIGNMENT(.plt))
 *(SORT_BY_ALIGNMENT(.iplt))
 *(SORT_BY_ALIGNMENT(.got.plt))
 *(SORT_BY_ALIGNMENT(.igot.plt))
 *(SORT_BY_ALIGNMENT(.got))
 *(SORT_BY_ALIGNMENT(.igot))
 *(SORT_BY_ALIGNMENT(.spurIsr))
 *(SORT_BY_ALIGNMENT(.spurNoErrIsr))
 *(SORT_BY_ALIGNMENT(.intList))
 *(SORT_BY_ALIGNMENT(.gnu.linkonce.intList.*))
 *(SORT_BY_ALIGNMENT(.mmulist))
 *(SORT_BY_ALIGNMENT(.note.GNU-stack))
                0x0000000000001000                . = ALIGN (0x8)
                0x0000000000001000                _image_rom_start = 0x1000
                0x0000000000001000                _image_text_start = 0x1000

text            0x0000000000001000    0x24000
                0x0000000000000000                . = 0x0
 *(SORT_BY_ALIGNMENT(.text_start))
 *(SORT_BY_ALIGNMENT(.text_start.*))
 .text_start.__start
                0x0000000000001000       0xd0 zephyr/arch/arch/x86/core/libarch__x86__core.a(crt0.S.obj)
                0x0000000000001000                __start
                0x00000000000010a1                z_x86_idt
                0x00000000000010b8                _gdt
 *(SORT_BY_ALIGNMENT(.text))
 .text          0x00000000000010d0      0x11d /home/tyler/i586-zephyr-elf/bin/../lib/gcc/i586-zephyr-elf/8.3.0/libgcc.a(_divdi3.o)
                0x00000000000010d0                __divdi3
 .text          0x00000000000011ed       0xef /home/tyler/i586-zephyr-elf/bin/../lib/gcc/i586-zephyr-elf/8.3.0/libgcc.a(_udivdi3.o)
                0x00000000000011ed                __udivdi3
 *(SORT_BY_ALIGNMENT(.text.*))
 .text.firmware_get_buf
                0x00000000000012dc       0x13 app/libapp.a(lwm2m-client.c.obj)
 .text.rd_client_event
                0x00000000000012ef      0x181 app/libapp.a(lwm2m-client.c.obj)
 .text.firmware_update_cb
                0x0000000000001470       0x52 app/libapp.a(lwm2m-client.c.obj)
 .text.device_factory_default_cb
                0x00000000000014c2       0x56 app/libapp.a(lwm2m-client.c.obj)
 .text.device_reboot_cb
                0x0000000000001518       0x56 app/libapp.a(lwm2m-client.c.obj)
 .text.timer_digital_state_cb
                0x000000000000156e       0x5c app/libapp.a(lwm2m-client.c.obj)
 .text.firmware_block_received_cb
                0x00000000000015ca       0x43 app/libapp.a(lwm2m-client.c.obj)
 .text.led_on_off_cb
                0x000000000000160d       0x7a app/libapp.a(lwm2m-client.c.obj)
 .text.main     0x0000000000001687      0x3c6 app/libapp.a(lwm2m-client.c.obj)
                0x0000000000001687                main
 .text._check_fd
                0x0000000000001a4d       0x26 zephyr/libzephyr.a(fdtable.c.obj)
 .text.z_get_fd_obj_and_vtable
                0x0000000000001a73       0x2c zephyr/libzephyr.a(fdtable.c.obj)
                0x0000000000001a73                z_get_fd_obj_and_vtable
 .text.z_reserve_fd
                0x0000000000001a9f       0x51 zephyr/libzephyr.a(fdtable.c.obj)
                0x0000000000001a9f                z_reserve_fd
 .text.z_finalize_fd
                0x0000000000001af0       0x1c zephyr/libzephyr.a(fdtable.c.obj)
                0x0000000000001af0                z_finalize_fd
 .text.z_free_fd
                0x0000000000001b0c       0x13 zephyr/libzephyr.a(fdtable.c.obj)
                0x0000000000001b0c                z_free_fd
 .text.get_bit_ptr
                0x0000000000001b1f       0x30 zephyr/libzephyr.a(mempool.c.obj)
 .text.set_free_bit
                0x0000000000001b4f       0x22 zephyr/libzephyr.a(mempool.c.obj)
 .text.clear_free_bit
                0x0000000000001b71       0x22 zephyr/libzephyr.a(mempool.c.obj)
 .text.pool_irq_lock.isra.2.part.3
                0x0000000000001b93        0x4 zephyr/libzephyr.a(mempool.c.obj)
 .text.pool_irq_unlock.isra.4
                0x0000000000001b97        0xc zephyr/libzephyr.a(mempool.c.obj)
 .text.z_sys_mem_pool_base_init
                0x0000000000001ba3       0xb4 zephyr/libzephyr.a(mempool.c.obj)
                0x0000000000001ba3                z_sys_mem_pool_base_init
 .text.z_sys_mem_pool_block_alloc
                0x0000000000001c57      0x1e0 zephyr/libzephyr.a(mempool.c.obj)
                0x0000000000001c57                z_sys_mem_pool_block_alloc
 .text.z_sys_mem_pool_block_free
                0x0000000000001e37      0x184 zephyr/libzephyr.a(mempool.c.obj)
                0x0000000000001e37                z_sys_mem_pool_block_free
 .text.set_child
                0x0000000000001fbb       0x12 zephyr/libzephyr.a(rb.c.obj)
 .text.find_and_stack
                0x0000000000001fcd       0x50 zephyr/libzephyr.a(rb.c.obj)
 .text.rotate   0x000000000000201d       0xa4 zephyr/libzephyr.a(rb.c.obj)
 .text.stack_left_limb
                0x00000000000020c1       0x41 zephyr/libzephyr.a(rb.c.obj)
 .text.fix_missing_black.part.2
                0x0000000000002102      0x1b2 zephyr/libzephyr.a(rb.c.obj)
 .text.z_rb_get_minmax
                0x00000000000022b4       0x27 zephyr/libzephyr.a(rb.c.obj)
                0x00000000000022b4                z_rb_get_minmax
 .text.rb_insert
                0x00000000000022db      0x143 zephyr/libzephyr.a(rb.c.obj)
                0x00000000000022db                rb_insert
 .text.rb_remove
                0x000000000000241e      0x1da zephyr/libzephyr.a(rb.c.obj)
                0x000000000000241e                rb_remove
 .text.z_rb_foreach_next
                0x00000000000025f8       0x6f zephyr/libzephyr.a(rb.c.obj)
                0x00000000000025f8                z_rb_foreach_next
 .text.z_thread_entry
                0x0000000000002667       0x1e zephyr/libzephyr.a(thread_entry.c.obj)
                0x0000000000002667                z_thread_entry
 .text.z_work_q_main
                0x0000000000002685       0x3b zephyr/libzephyr.a(work_q.c.obj)
                0x0000000000002685                z_work_q_main
 .text.z_arch_printk_char_out
                0x00000000000026c0        0x3 zephyr/libzephyr.a(printk.c.obj)
                0x00000000000026c0                z_arch_printk_char_out
 .text.print_err
                0x00000000000026c3       0x25 zephyr/libzephyr.a(printk.c.obj)
 .text.char_out
                0x00000000000026e8        0xf zephyr/libzephyr.a(printk.c.obj)
 .text._printk_dec_ulong
                0x00000000000026f7       0xee zephyr/libzephyr.a(printk.c.obj)
 .text.str_out  0x00000000000027e5       0x3a zephyr/libzephyr.a(printk.c.obj)
 .text.__printk_hook_install
                0x000000000000281f        0xd zephyr/libzephyr.a(printk.c.obj)
                0x000000000000281f                __printk_hook_install
 .text._vprintk
                0x000000000000282c      0x37a zephyr/libzephyr.a(printk.c.obj)
                0x000000000000282c                _vprintk
 .text.vprintk  0x0000000000002ba6       0x24 zephyr/libzephyr.a(printk.c.obj)
                0x0000000000002ba6                vprintk
 .text.printk   0x0000000000002bca       0x13 zephyr/libzephyr.a(printk.c.obj)
                0x0000000000002bca                printk
 .text.snprintk
                0x0000000000002bdd       0x43 zephyr/libzephyr.a(printk.c.obj)
                0x0000000000002bdd                snprintk
 .text.vsnprintk
                0x0000000000002c20       0x42 zephyr/libzephyr.a(printk.c.obj)
                0x0000000000002c20                vsnprintk
 .text.ring_buf_space_get
                0x0000000000002c62       0x16 zephyr/libzephyr.a(ring_buffer.c.obj)
 .text.ring_buf_put_claim
                0x0000000000002c78       0x4a zephyr/libzephyr.a(ring_buffer.c.obj)
                0x0000000000002c78                ring_buf_put_claim
 .text.ring_buf_put_finish
                0x0000000000002cc2       0x37 zephyr/libzephyr.a(ring_buffer.c.obj)
                0x0000000000002cc2                ring_buf_put_finish
 .text.ring_buf_put
                0x0000000000002cf9       0x4f zephyr/libzephyr.a(ring_buffer.c.obj)
                0x0000000000002cf9                ring_buf_put
 .text.ring_buf_get_claim
                0x0000000000002d48       0x50 zephyr/libzephyr.a(ring_buffer.c.obj)
                0x0000000000002d48                ring_buf_get_claim
 .text.ring_buf_get_finish
                0x0000000000002d98       0x3a zephyr/libzephyr.a(ring_buffer.c.obj)
                0x0000000000002d98                ring_buf_get_finish
 .text.ring_buf_get
                0x0000000000002dd2       0x4f zephyr/libzephyr.a(ring_buffer.c.obj)
                0x0000000000002dd2                ring_buf_get
 .text._ConfigAbsSyms
                0x0000000000002e21        0x1 zephyr/libzephyr.a(configs.c.obj)
                0x0000000000002e21                _ConfigAbsSyms
 .text.foldcase
                0x0000000000002e22       0x11 zephyr/libzephyr.a(fnmatch.c.obj)
 .text.fnmatchx
                0x0000000000002e33      0x359 zephyr/libzephyr.a(fnmatch.c.obj)
 .text.fnmatch  0x000000000000318c       0x19 zephyr/libzephyr.a(fnmatch.c.obj)
                0x000000000000318c                fnmatch
 .text.log_list_init
                0x00000000000031a5       0x15 zephyr/libzephyr.a(log_list.c.obj)
                0x00000000000031a5                log_list_init
 .text.log_list_add_tail
                0x00000000000031ba       0x22 zephyr/libzephyr.a(log_list.c.obj)
                0x00000000000031ba                log_list_add_tail
 .text.log_list_head_peek
                0x00000000000031dc        0xa zephyr/libzephyr.a(log_list.c.obj)
                0x00000000000031dc                log_list_head_peek
 .text.log_list_head_get
                0x00000000000031e6       0x12 zephyr/libzephyr.a(log_list.c.obj)
                0x00000000000031e6                log_list_head_get
 .text.dummy_timestamp
                0x00000000000031f8        0x3 zephyr/libzephyr.a(log_core.c.obj)
 .text.z_log_msg_std_alloc
                0x00000000000031fb       0x40 zephyr/libzephyr.a(log_core.c.obj)
 .text.timestamp_get
                0x000000000000323b        0x5 zephyr/libzephyr.a(log_core.c.obj)
 .text.enable_logger
                0x0000000000003240       0x40 zephyr/libzephyr.a(log_core.c.obj)
 .text.log_core_init
                0x0000000000003280       0x7c zephyr/libzephyr.a(log_core.c.obj)
                0x0000000000003280                log_core_init
 .text.dropped_notify
                0x00000000000032fc       0x54 zephyr/libzephyr.a(log_core.c.obj)
                0x00000000000032fc                dropped_notify
 .text.log_process
                0x0000000000003350       0xd6 zephyr/libzephyr.a(log_core.c.obj)
                0x0000000000003350                log_process
 .text.msg_finalize
                0x0000000000003426       0x64 zephyr/libzephyr.a(log_core.c.obj)
 .text.log_0    0x000000000000348a       0x25 zephyr/libzephyr.a(log_core.c.obj)
                0x000000000000348a                log_0
 .text.log_1    0x00000000000034af       0x3a zephyr/libzephyr.a(log_core.c.obj)
                0x00000000000034af                log_1
 .text.log_2    0x00000000000034e9       0x47 zephyr/libzephyr.a(log_core.c.obj)
                0x00000000000034e9                log_2
 .text.log_3    0x0000000000003530       0x59 zephyr/libzephyr.a(log_core.c.obj)
                0x0000000000003530                log_3
 .text.log_n    0x0000000000003589       0x2c zephyr/libzephyr.a(log_core.c.obj)
                0x0000000000003589                log_n
 .text.log_dropped
                0x00000000000035b5        0x8 zephyr/libzephyr.a(log_core.c.obj)
                0x00000000000035b5                log_dropped
 .text.log_source_name_get
                0x00000000000035bd       0x23 zephyr/libzephyr.a(log_core.c.obj)
                0x00000000000035bd                log_source_name_get
 .text.log_filter_set
                0x00000000000035e0       0xb8 zephyr/libzephyr.a(log_core.c.obj)
                0x00000000000035e0                log_filter_set
 .text.log_backend_enable
                0x0000000000003698       0x5b zephyr/libzephyr.a(log_core.c.obj)
                0x0000000000003698                log_backend_enable
 .text.log_init
                0x00000000000036f3       0x5d zephyr/libzephyr.a(log_core.c.obj)
                0x00000000000036f3                log_init
 .text.log_panic
                0x0000000000003750       0x5f zephyr/libzephyr.a(log_core.c.obj)
                0x0000000000003750                log_panic
 .text.log_process_thread_func
                0x00000000000037af       0x3e zephyr/libzephyr.a(log_core.c.obj)
 .text.log_backend_disable
                0x00000000000037ed       0x3d zephyr/libzephyr.a(log_core.c.obj)
                0x00000000000037ed                log_backend_disable
 .text.log_filter_get
                0x000000000000382a       0x31 zephyr/libzephyr.a(log_core.c.obj)
                0x000000000000382a                log_filter_get
 .text.log_strdup
                0x000000000000385b       0x4e zephyr/libzephyr.a(log_core.c.obj)
                0x000000000000385b                log_strdup
 .text.log_is_strdup
                0x00000000000038a9       0x1c zephyr/libzephyr.a(log_core.c.obj)
                0x00000000000038a9                log_is_strdup
 .text.log_free
                0x00000000000038c5       0x25 zephyr/libzephyr.a(log_core.c.obj)
                0x00000000000038c5                log_free
 .text.log_msg_hexdump_data_op
                0x00000000000038ea       0xf1 zephyr/libzephyr.a(log_msg.c.obj)
 .text.log_msg_pool_init
                0x00000000000039db       0x1b zephyr/libzephyr.a(log_msg.c.obj)
                0x00000000000039db                log_msg_pool_init
 .text.log_msg_get
                0x00000000000039f6        0xc zephyr/libzephyr.a(log_msg.c.obj)
                0x00000000000039f6                log_msg_get
 .text.log_msg_no_space_handle
                0x0000000000003a02       0x3e zephyr/libzephyr.a(log_msg.c.obj)
                0x0000000000003a02                log_msg_no_space_handle
 .text.log_msg_chunk_alloc
                0x0000000000003a40       0x2f zephyr/libzephyr.a(log_msg.c.obj)
 .text.log_msg_nargs_get
                0x0000000000003a6f       0x11 zephyr/libzephyr.a(log_msg.c.obj)
                0x0000000000003a6f                log_msg_nargs_get
 .text.log_msg_arg_get
                0x0000000000003a80       0x4a zephyr/libzephyr.a(log_msg.c.obj)
                0x0000000000003a80                log_msg_arg_get
 .text.msg_free
                0x0000000000003aca       0x8f zephyr/libzephyr.a(log_msg.c.obj)
 .text.log_msg_put
                0x0000000000003b59       0x18 zephyr/libzephyr.a(log_msg.c.obj)
                0x0000000000003b59                log_msg_put
 .text.log_msg_str_get
                0x0000000000003b71        0xb zephyr/libzephyr.a(log_msg.c.obj)
                0x0000000000003b71                log_msg_str_get
 .text.log_msg_create_n
                0x0000000000003b7c      0x10c zephyr/libzephyr.a(log_msg.c.obj)
                0x0000000000003b7c                log_msg_create_n
 .text.log_msg_hexdump_data_get
                0x0000000000003c88       0x1f zephyr/libzephyr.a(log_msg.c.obj)
                0x0000000000003c88                log_msg_hexdump_data_get
 .text.buffer_write
                0x0000000000003ca7       0x24 zephyr/libzephyr.a(log_output.c.obj)
 .text.print_formatted
                0x0000000000003ccb       0x1e zephyr/libzephyr.a(log_output.c.obj)
 .text.std_print
                0x0000000000003ce9      0x2b3 zephyr/libzephyr.a(log_output.c.obj)
 .text.prefix_print
                0x0000000000003f9c      0x149 zephyr/libzephyr.a(log_output.c.obj)
 .text.hexdump_line_print
                0x00000000000040e5       0xc4 zephyr/libzephyr.a(log_output.c.obj)
 .text.postfix_print
                0x00000000000041a9       0x49 zephyr/libzephyr.a(log_output.c.obj)
 .text.log_output_flush
                0x00000000000041f2       0x28 zephyr/libzephyr.a(log_output.c.obj)
                0x00000000000041f2                log_output_flush
 .text.out_func
                0x000000000000421a       0x32 zephyr/libzephyr.a(log_output.c.obj)
 .text.log_output_msg_process
                0x000000000000424c      0x142 zephyr/libzephyr.a(log_output.c.obj)
                0x000000000000424c                log_output_msg_process
 .text.log_output_dropped_process
                0x000000000000438e       0x78 zephyr/libzephyr.a(log_output.c.obj)
                0x000000000000438e                log_output_dropped_process
 .text.log_output_timestamp_freq_set
                0x0000000000004406       0x37 zephyr/libzephyr.a(log_output.c.obj)
                0x0000000000004406                log_output_timestamp_freq_set
 .text.severity_lvl_get
                0x000000000000443d       0x30 zephyr/libzephyr.a(log_cmds.c.obj)
 .text.log_halt
                0x000000000000446d       0x11 zephyr/libzephyr.a(log_cmds.c.obj)
 .text.log_go   0x000000000000447e       0x11 zephyr/libzephyr.a(log_cmds.c.obj)
 .text.backend_name_get
                0x000000000000448f       0x43 zephyr/libzephyr.a(log_cmds.c.obj)
 .text.cmd_log_backends_list
                0x00000000000044d2       0x5d zephyr/libzephyr.a(log_cmds.c.obj)
 .text.log_status
                0x000000000000452f       0xca zephyr/libzephyr.a(log_cmds.c.obj)
 .text.module_name_get
                0x00000000000045f9       0x2f zephyr/libzephyr.a(log_cmds.c.obj)
 .text.filters_set
                0x0000000000004628       0xf7 zephyr/libzephyr.a(log_cmds.c.obj)
 .text.log_disable
                0x000000000000471f       0x23 zephyr/libzephyr.a(log_cmds.c.obj)
 .text.shell_backend_cmd_execute
                0x0000000000004742       0x9d zephyr/libzephyr.a(log_cmds.c.obj)
 .text.cmd_log_backend_status
                0x00000000000047df       0x1b zephyr/libzephyr.a(log_cmds.c.obj)
 .text.cmd_log_backend_halt
                0x00000000000047fa       0x19 zephyr/libzephyr.a(log_cmds.c.obj)
 .text.cmd_log_backend_go
                0x0000000000004813       0x19 zephyr/libzephyr.a(log_cmds.c.obj)
 .text.cmd_log_backend_enable
                0x000000000000482c       0x19 zephyr/libzephyr.a(log_cmds.c.obj)
 .text.cmd_log_backend_disable
                0x0000000000004845       0x19 zephyr/libzephyr.a(log_cmds.c.obj)
 .text.shell_state_precheck
                0x000000000000485e       0x26 zephyr/libzephyr.a(log_cmds.c.obj)
 .text.cmd_log_self_halt
                0x0000000000004884       0x23 zephyr/libzephyr.a(log_cmds.c.obj)
 .text.cmd_log_self_go
                0x00000000000048a7       0x23 zephyr/libzephyr.a(log_cmds.c.obj)
 .text.cmd_log_self_status
                0x00000000000048ca       0x2d zephyr/libzephyr.a(log_cmds.c.obj)
 .text.log_enable
                0x00000000000048f7       0x70 zephyr/libzephyr.a(log_cmds.c.obj)
 .text.cmd_log_self_enable
                0x0000000000004967       0x2f zephyr/libzephyr.a(log_cmds.c.obj)
 .text.cmd_log_self_disable
                0x0000000000004996       0x2f zephyr/libzephyr.a(log_cmds.c.obj)
 .text.shell_signal_handle
                0x00000000000049c5       0x44 zephyr/libzephyr.a(shell.c.obj)
 .text.kill_handler
                0x0000000000004a09       0x50 zephyr/libzephyr.a(shell.c.obj)
 .text.shell_strlen
                0x0000000000004a59       0x13 zephyr/libzephyr.a(shell.c.obj)
 .text.shell_raw_fprintf
                0x0000000000004a6c       0x17 zephyr/libzephyr.a(shell.c.obj)
 .text.shell_internal_help_print
                0x0000000000004a83       0x1a zephyr/libzephyr.a(shell.c.obj)
 .text.state_set.constprop.23
                0x0000000000004a9d       0x21 zephyr/libzephyr.a(shell.c.obj)
 .text.transport_evt_handler
                0x0000000000004abe       0x2b zephyr/libzephyr.a(shell.c.obj)
 .text.shell_log_process
                0x0000000000004ae9       0x6d zephyr/libzephyr.a(shell.c.obj)
 .text.history_handle
                0x0000000000004b56       0xf9 zephyr/libzephyr.a(shell.c.obj)
 .text.execute  0x0000000000004c4f      0x34e zephyr/libzephyr.a(shell.c.obj)
 .text.shell_process
                0x0000000000004f9d      0x9c3 zephyr/libzephyr.a(shell.c.obj)
                0x0000000000004f9d                shell_process
 .text.shell_init
                0x0000000000005960      0x10d zephyr/libzephyr.a(shell.c.obj)
                0x0000000000005960                shell_init
 .text.shell_start
                0x0000000000005a6d       0x3c zephyr/libzephyr.a(shell.c.obj)
                0x0000000000005a6d                shell_start
 .text.shell_thread
                0x0000000000005aa9      0x119 zephyr/libzephyr.a(shell.c.obj)
                0x0000000000005aa9                shell_thread
 .text.shell_fprintf
                0x0000000000005bc2       0x72 zephyr/libzephyr.a(shell.c.obj)
                0x0000000000005bc2                shell_fprintf
 .text.shell_fprintf_buffer_flush
                0x0000000000005c34       0x25 zephyr/libzephyr.a(shell_fprintf.c.obj)
                0x0000000000005c34                shell_fprintf_buffer_flush
 .text.shell_fprintf_fmt
                0x0000000000005c59       0x35 zephyr/libzephyr.a(shell_fprintf.c.obj)
                0x0000000000005c59                shell_fprintf_fmt
 .text.out_func
                0x0000000000005c8e       0x4a zephyr/libzephyr.a(shell_fprintf.c.obj)
 .text.shell_strlen
                0x0000000000005cd8       0x13 zephyr/libzephyr.a(shell_utils.c.obj)
 .text.column_span_with_buffer_offsets_get
                0x0000000000005ceb       0x2d zephyr/libzephyr.a(shell_utils.c.obj)
                0x0000000000005ceb                column_span_with_buffer_offsets_get
 .text.row_span_with_buffer_offsets_get
                0x0000000000005d18       0x2d zephyr/libzephyr.a(shell_utils.c.obj)
                0x0000000000005d18                row_span_with_buffer_offsets_get
 .text.shell_multiline_data_calc
                0x0000000000005d45       0x3b zephyr/libzephyr.a(shell_utils.c.obj)
                0x0000000000005d45                shell_multiline_data_calc
 .text.shell_make_argv
                0x0000000000005d80      0x202 zephyr/libzephyr.a(shell_utils.c.obj)
                0x0000000000005d80                shell_make_argv
 .text.shell_pattern_remove
                0x0000000000005f82       0x6c zephyr/libzephyr.a(shell_utils.c.obj)
                0x0000000000005f82                shell_pattern_remove
 .text.shell_cmd_get
                0x0000000000005fee       0x6f zephyr/libzephyr.a(shell_utils.c.obj)
                0x0000000000005fee                shell_cmd_get
 .text.shell_spaces_trim
                0x000000000000605d       0x9d zephyr/libzephyr.a(shell_utils.c.obj)
                0x000000000000605d                shell_spaces_trim
 .text.shell_cmd_trim
                0x00000000000060fa       0xa3 zephyr/libzephyr.a(shell_utils.c.obj)
                0x00000000000060fa                shell_cmd_trim
 .text.shell_raw_fprintf
                0x000000000000619d       0x17 zephyr/libzephyr.a(shell_ops.c.obj)
 .text.clear_eos.isra.5
                0x00000000000061b4       0x18 zephyr/libzephyr.a(shell_ops.c.obj)
 .text.full_line_cmd.isra.7
                0x00000000000061cc       0x38 zephyr/libzephyr.a(shell_ops.c.obj)
 .text.shell_op_cursor_vert_move
                0x0000000000006204       0x2f zephyr/libzephyr.a(shell_ops.c.obj)
                0x0000000000006204                shell_op_cursor_vert_move
 .text.shell_op_cursor_horiz_move
                0x0000000000006233       0x2f zephyr/libzephyr.a(shell_ops.c.obj)
                0x0000000000006233                shell_op_cursor_horiz_move
 .text.shell_cursor_in_empty_line
                0x0000000000006262       0x39 zephyr/libzephyr.a(shell_ops.c.obj)
                0x0000000000006262                shell_cursor_in_empty_line
 .text.shell_op_cond_next_line
                0x000000000000629b       0x34 zephyr/libzephyr.a(shell_ops.c.obj)
                0x000000000000629b                shell_op_cond_next_line
 .text.shell_op_cursor_position_synchronize
                0x00000000000062cf       0x7e zephyr/libzephyr.a(shell_ops.c.obj)
                0x00000000000062cf                shell_op_cursor_position_synchronize
 .text.shell_op_cursor_move
                0x000000000000634d       0x86 zephyr/libzephyr.a(shell_ops.c.obj)
                0x000000000000634d                shell_op_cursor_move
 .text.shell_op_cursor_word_move
                0x00000000000063d3       0xc6 zephyr/libzephyr.a(shell_ops.c.obj)
                0x00000000000063d3                shell_op_cursor_word_move
 .text.shell_op_cursor_home_move
                0x0000000000006499       0x1b zephyr/libzephyr.a(shell_ops.c.obj)
                0x0000000000006499                shell_op_cursor_home_move
 .text.shell_op_cursor_end_move
                0x00000000000064b4       0x1c zephyr/libzephyr.a(shell_ops.c.obj)
                0x00000000000064b4                shell_op_cursor_end_move
 .text.shell_op_left_arrow
                0x00000000000064d0       0x1c zephyr/libzephyr.a(shell_ops.c.obj)
                0x00000000000064d0                shell_op_left_arrow
 .text.shell_op_right_arrow
                0x00000000000064ec       0x1e zephyr/libzephyr.a(shell_ops.c.obj)
                0x00000000000064ec                shell_op_right_arrow
 .text.shell_op_delete_from_cursor
                0x000000000000650a       0x1f zephyr/libzephyr.a(shell_ops.c.obj)
                0x000000000000650a                shell_op_delete_from_cursor
 .text.shell_cmd_line_erase
                0x0000000000006529       0x54 zephyr/libzephyr.a(shell_ops.c.obj)
                0x0000000000006529                shell_cmd_line_erase
 .text.shell_print_cmd
                0x000000000000657d       0x1f zephyr/libzephyr.a(shell_ops.c.obj)
                0x000000000000657d                shell_print_cmd
 .text.shell_write
                0x000000000000659c       0x8c zephyr/libzephyr.a(shell_ops.c.obj)
                0x000000000000659c                shell_write
 .text.shell_print_stream
                0x0000000000006628        0x5 zephyr/libzephyr.a(shell_ops.c.obj)
                0x0000000000006628                shell_print_stream
 .text.shell_vt100_color_set
                0x000000000000662d       0x50 zephyr/libzephyr.a(shell_ops.c.obj)
                0x000000000000662d                shell_vt100_color_set
 .text.shell_vt100_colors_restore
                0x000000000000667d       0x5b zephyr/libzephyr.a(shell_ops.c.obj)
                0x000000000000667d                shell_vt100_colors_restore
 .text.shell_internal_vfprintf
                0x00000000000066d8       0x72 zephyr/libzephyr.a(shell_ops.c.obj)
                0x00000000000066d8                shell_internal_vfprintf
 .text.shell_internal_fprintf
                0x000000000000674a       0x1a zephyr/libzephyr.a(shell_ops.c.obj)
                0x000000000000674a                shell_internal_fprintf
 .text.shell_op_word_remove
                0x0000000000006764       0xce zephyr/libzephyr.a(shell_ops.c.obj)
                0x0000000000006764                shell_op_word_remove
 .text.reprint_from_cursor
                0x0000000000006832       0x7a zephyr/libzephyr.a(shell_ops.c.obj)
 .text.data_insert
                0x00000000000068ac       0x9c zephyr/libzephyr.a(shell_ops.c.obj)
 .text.shell_op_char_insert
                0x0000000000006948       0x86 zephyr/libzephyr.a(shell_ops.c.obj)
                0x0000000000006948                shell_op_char_insert
 .text.shell_op_completion_insert
                0x00000000000069ce       0x13 zephyr/libzephyr.a(shell_ops.c.obj)
                0x00000000000069ce                shell_op_completion_insert
 .text.shell_op_char_delete
                0x00000000000069e1       0x52 zephyr/libzephyr.a(shell_ops.c.obj)
                0x00000000000069e1                shell_op_char_delete
 .text.shell_op_char_backspace
                0x0000000000006a33       0x33 zephyr/libzephyr.a(shell_ops.c.obj)
                0x0000000000006a33                shell_op_char_backspace
 .text.shell_print_prompt_and_cmd
                0x0000000000006a66       0x41 zephyr/libzephyr.a(shell_ops.c.obj)
                0x0000000000006a66                shell_print_prompt_and_cmd
 .text.z_impl_uart_irq_tx_disable
                0x0000000000006aa7       0x14 zephyr/libzephyr.a(shell_uart.c.obj)
 .text.uninit   0x0000000000006abb        0x3 zephyr/libzephyr.a(shell_uart.c.obj)
 .text.enable   0x0000000000006abe       0x20 zephyr/libzephyr.a(shell_uart.c.obj)
 .text.read     0x0000000000006ade       0x23 zephyr/libzephyr.a(shell_uart.c.obj)
 .text.enable_shell_uart
                0x0000000000006b01       0x2a zephyr/libzephyr.a(shell_uart.c.obj)
 .text.init     0x0000000000006b2b       0x4c zephyr/libzephyr.a(shell_uart.c.obj)
 .text.write    0x0000000000006b77       0x8a zephyr/libzephyr.a(shell_uart.c.obj)
 .text.uart_callback
                0x0000000000006c01      0x15f zephyr/libzephyr.a(shell_uart.c.obj)
 .text.shell_raw_fprintf
                0x0000000000006d60       0x17 zephyr/libzephyr.a(shell_help.c.obj)
 .text.formatted_text_print.constprop.2
                0x0000000000006d77      0x15a zephyr/libzephyr.a(shell_help.c.obj)
 .text.shell_help_subcmd_print
                0x0000000000006ed1      0x11b zephyr/libzephyr.a(shell_help.c.obj)
                0x0000000000006ed1                shell_help_subcmd_print
 .text.shell_help_cmd_print
                0x0000000000006fec       0x5c zephyr/libzephyr.a(shell_help.c.obj)
                0x0000000000006fec                shell_help_cmd_print
 .text.cmd_bacskpace_mode_backspace
                0x0000000000007048       0x1e zephyr/libzephyr.a(shell_cmds.c.obj)
 .text.cmd_bacskpace_mode_delete
                0x0000000000007066       0x1e zephyr/libzephyr.a(shell_cmds.c.obj)
 .text.cmd_colors_off
                0x0000000000007084       0x1e zephyr/libzephyr.a(shell_cmds.c.obj)
 .text.cmd_colors_on
                0x00000000000070a2       0x1e zephyr/libzephyr.a(shell_cmds.c.obj)
 .text.cmd_echo_off
                0x00000000000070c0       0x1e zephyr/libzephyr.a(shell_cmds.c.obj)
 .text.cmd_echo_on
                0x00000000000070de       0x1e zephyr/libzephyr.a(shell_cmds.c.obj)
 .text.cmd_shell_stats_reset
                0x00000000000070fc       0x13 zephyr/libzephyr.a(shell_cmds.c.obj)
 .text.shell_raw_fprintf
                0x000000000000710f       0x17 zephyr/libzephyr.a(shell_cmds.c.obj)
 .text.cmd_clear
                0x0000000000007126       0x38 zephyr/libzephyr.a(shell_cmds.c.obj)
 .text.cmd_resize_default
                0x000000000000715e       0x2d zephyr/libzephyr.a(shell_cmds.c.obj)
 .text.cmd_shell_stats_show
                0x000000000000718b       0x1f zephyr/libzephyr.a(shell_cmds.c.obj)
 .text.cmd_help
                0x00000000000071aa       0x2e zephyr/libzephyr.a(shell_cmds.c.obj)
 .text.cmd_history
                0x00000000000071d8       0x5f zephyr/libzephyr.a(shell_cmds.c.obj)
 .text.cmd_echo
                0x0000000000007237       0x5d zephyr/libzephyr.a(shell_cmds.c.obj)
 .text.cmd_resize
                0x0000000000007294      0x1f6 zephyr/libzephyr.a(shell_cmds.c.obj)
 .text.remove_from_tail
                0x000000000000748a       0x4a zephyr/libzephyr.a(shell_history.c.obj)
 .text.shell_history_mode_exit
                0x00000000000074d4        0xf zephyr/libzephyr.a(shell_history.c.obj)
                0x00000000000074d4                shell_history_mode_exit
 .text.shell_history_get
                0x00000000000074e3       0x7b zephyr/libzephyr.a(shell_history.c.obj)
                0x00000000000074e3                shell_history_get
 .text.shell_history_purge
                0x000000000000755e       0x1b zephyr/libzephyr.a(shell_history.c.obj)
                0x000000000000755e                shell_history_purge
 .text.shell_history_put
                0x0000000000007579       0xad zephyr/libzephyr.a(shell_history.c.obj)
                0x0000000000007579                shell_history_put
 .text.shell_history_init
                0x0000000000007626       0x18 zephyr/libzephyr.a(shell_history.c.obj)
                0x0000000000007626                shell_history_init
 .text.put      0x000000000000763e      0x118 zephyr/libzephyr.a(shell_log_backend.c.obj)
 .text.dropped  0x0000000000007756       0x1f zephyr/libzephyr.a(shell_log_backend.c.obj)
 .text.shell_log_backend_output_func
                0x0000000000007775       0x1d zephyr/libzephyr.a(shell_log_backend.c.obj)
                0x0000000000007775                shell_log_backend_output_func
 .text.shell_log_backend_enable
                0x0000000000007792       0x39 zephyr/libzephyr.a(shell_log_backend.c.obj)
                0x0000000000007792                shell_log_backend_enable
 .text.shell_log_backend_disable
                0x00000000000077cb       0x46 zephyr/libzephyr.a(shell_log_backend.c.obj)
                0x00000000000077cb                shell_log_backend_disable
 .text.shell_log_backend_process
                0x0000000000007811       0xc7 zephyr/libzephyr.a(shell_log_backend.c.obj)
                0x0000000000007811                shell_log_backend_process
 .text.panic    0x00000000000078d8       0x7f zephyr/libzephyr.a(shell_log_backend.c.obj)
 .text.shell_wildcard_character_exist
                0x0000000000007957       0x3d zephyr/libzephyr.a(shell_wildcard.c.obj)
                0x0000000000007957                shell_wildcard_character_exist
 .text.shell_wildcard_prepare
                0x0000000000007994       0x6b zephyr/libzephyr.a(shell_wildcard.c.obj)
                0x0000000000007994                shell_wildcard_prepare
 .text.shell_wildcard_process
                0x00000000000079ff      0x16c zephyr/libzephyr.a(shell_wildcard.c.obj)
                0x00000000000079ff                shell_wildcard_process
 .text.shell_wildcard_finalize
                0x0000000000007b6b       0x31 zephyr/libzephyr.a(shell_wildcard.c.obj)
                0x0000000000007b6b                shell_wildcard_finalize
 .text.append_u8
                0x0000000000007b9c       0x34 zephyr/libzephyr.a(coap.c.obj)
 .text.append_be16
                0x0000000000007bd0       0x43 zephyr/libzephyr.a(coap.c.obj)
 .text.decode_delta
                0x0000000000007c13       0x9a zephyr/libzephyr.a(coap.c.obj)
 .text.update_descriptive_block
                0x0000000000007cad       0x76 zephyr/libzephyr.a(coap.c.obj)
 .text.append   0x0000000000007d23       0x57 zephyr/libzephyr.a(coap.c.obj)
 .text.parse_option
                0x0000000000007d7a      0x1a9 zephyr/libzephyr.a(coap.c.obj)
 .text.coap_packet_init
                0x0000000000007f23       0xe5 zephyr/libzephyr.a(coap.c.obj)
                0x0000000000007f23                coap_packet_init
 .text.coap_packet_append_option
                0x0000000000008008      0x1a0 zephyr/libzephyr.a(coap.c.obj)
                0x0000000000008008                coap_packet_append_option
 .text.coap_append_option_int
                0x00000000000081a8       0x6c zephyr/libzephyr.a(coap.c.obj)
                0x00000000000081a8                coap_append_option_int
 .text.coap_option_value_to_int
                0x0000000000008214       0x51 zephyr/libzephyr.a(coap.c.obj)
                0x0000000000008214                coap_option_value_to_int
 .text.coap_packet_append_payload_marker
                0x0000000000008265       0x19 zephyr/libzephyr.a(coap.c.obj)
                0x0000000000008265                coap_packet_append_payload_marker
 .text.coap_next_token
                0x000000000000827e       0x1e zephyr/libzephyr.a(coap.c.obj)
                0x000000000000827e                coap_next_token
 .text.coap_packet_parse
                0x000000000000829c       0xf4 zephyr/libzephyr.a(coap.c.obj)
                0x000000000000829c                coap_packet_parse
 .text.coap_find_options
                0x0000000000008390       0x89 zephyr/libzephyr.a(coap.c.obj)
                0x0000000000008390                coap_find_options
 .text.get_block_option
                0x0000000000008419       0x31 zephyr/libzephyr.a(coap.c.obj)
 .text.get_observe_option
                0x000000000000844a       0x3d zephyr/libzephyr.a(coap.c.obj)
 .text.coap_header_get_type
                0x0000000000008487       0x1d zephyr/libzephyr.a(coap.c.obj)
                0x0000000000008487                coap_header_get_type
 .text.coap_header_get_token
                0x00000000000084a4       0x34 zephyr/libzephyr.a(coap.c.obj)
                0x00000000000084a4                coap_header_get_token
 .text.coap_header_get_code
                0x00000000000084d8       0x4d zephyr/libzephyr.a(coap.c.obj)
                0x00000000000084d8                coap_header_get_code
 .text.is_request
                0x0000000000008525       0x11 zephyr/libzephyr.a(coap.c.obj)
 .text.coap_header_get_id
                0x0000000000008536       0x23 zephyr/libzephyr.a(coap.c.obj)
                0x0000000000008536                coap_header_get_id
 .text.coap_packet_get_payload
                0x0000000000008559       0x44 zephyr/libzephyr.a(coap.c.obj)
                0x0000000000008559                coap_packet_get_payload
 .text.coap_block_transfer_init
                0x000000000000859d       0x1c zephyr/libzephyr.a(coap.c.obj)
                0x000000000000859d                coap_block_transfer_init
 .text.coap_append_block1_option
                0x00000000000085b9       0x65 zephyr/libzephyr.a(coap.c.obj)
                0x00000000000085b9                coap_append_block1_option
 .text.coap_append_block2_option
                0x000000000000861e       0x63 zephyr/libzephyr.a(coap.c.obj)
                0x000000000000861e                coap_append_block2_option
 .text.coap_update_from_block
                0x0000000000008681       0xeb zephyr/libzephyr.a(coap.c.obj)
                0x0000000000008681                coap_update_from_block
 .text.coap_next_block
                0x000000000000876c       0x47 zephyr/libzephyr.a(coap.c.obj)
                0x000000000000876c                coap_next_block
 .text.coap_pending_init
                0x00000000000087b3       0x4a zephyr/libzephyr.a(coap.c.obj)
                0x00000000000087b3                coap_pending_init
 .text.coap_pending_next_unused
                0x00000000000087fd       0x1d zephyr/libzephyr.a(coap.c.obj)
                0x00000000000087fd                coap_pending_next_unused
 .text.coap_reply_next_unused
                0x000000000000881a       0x1c zephyr/libzephyr.a(coap.c.obj)
                0x000000000000881a                coap_reply_next_unused
 .text.coap_pending_received
                0x0000000000008836       0x2e zephyr/libzephyr.a(coap.c.obj)
                0x0000000000008836                coap_pending_received
 .text.coap_pending_next_to_expire
                0x0000000000008864       0x2b zephyr/libzephyr.a(coap.c.obj)
                0x0000000000008864                coap_pending_next_to_expire
 .text.coap_pending_cycle
                0x000000000000888f       0x4f zephyr/libzephyr.a(coap.c.obj)
                0x000000000000888f                coap_pending_cycle
 .text.coap_pending_clear
                0x00000000000088de       0x16 zephyr/libzephyr.a(coap.c.obj)
                0x00000000000088de                coap_pending_clear
 .text.coap_response_received
                0x00000000000088f4       0xa4 zephyr/libzephyr.a(coap.c.obj)
                0x00000000000088f4                coap_response_received
 .text.coap_reply_init
                0x0000000000008998       0x61 zephyr/libzephyr.a(coap.c.obj)
                0x0000000000008998                coap_reply_init
 .text.coap_reply_clear
                0x00000000000089f9       0x14 zephyr/libzephyr.a(coap.c.obj)
                0x00000000000089f9                coap_reply_clear
 .text.z_fdtable_call_ioctl
                0x0000000000008a0d       0x18 zephyr/libzephyr.a(sockets.c.obj)
 .text.zsock_accepted_cb
                0x0000000000008a25       0x48 zephyr/libzephyr.a(sockets.c.obj)
 .text.zsock_received_cb
                0x0000000000008a6d       0x7a zephyr/libzephyr.a(sockets.c.obj)
 .text.sock_getsockopt_vmeth
                0x0000000000008ae7       0x13 zephyr/libzephyr.a(sockets.c.obj)
 .text.zsock_socket_internal
                0x0000000000008afa       0x84 zephyr/libzephyr.a(sockets.c.obj)
                0x0000000000008afa                zsock_socket_internal
 .text.z_impl_zsock_socket
                0x0000000000008b7e        0x5 zephyr/libzephyr.a(sockets.c.obj)
                0x0000000000008b7e                z_impl_zsock_socket
 .text.zsock_close_ctx
                0x0000000000008b83       0x94 zephyr/libzephyr.a(sockets.c.obj)
                0x0000000000008b83                zsock_close_ctx
 .text.sock_ioctl_vmeth
                0x0000000000008c17      0x116 zephyr/libzephyr.a(sockets.c.obj)
 .text.z_impl_zsock_close
                0x0000000000008d2d       0x3e zephyr/libzephyr.a(sockets.c.obj)
                0x0000000000008d2d                z_impl_zsock_close
 .text.zsock_bind_ctx
                0x0000000000008d6b       0x69 zephyr/libzephyr.a(sockets.c.obj)
                0x0000000000008d6b                zsock_bind_ctx
 .text.sock_bind_vmeth
                0x0000000000008dd4        0x5 zephyr/libzephyr.a(sockets.c.obj)
 .text.zsock_connect_ctx
                0x0000000000008dd9       0x50 zephyr/libzephyr.a(sockets.c.obj)
                0x0000000000008dd9                zsock_connect_ctx
 .text.sock_connect_vmeth
                0x0000000000008e29        0x5 zephyr/libzephyr.a(sockets.c.obj)
 .text.z_impl_zsock_connect
                0x0000000000008e2e       0x2d zephyr/libzephyr.a(sockets.c.obj)
                0x0000000000008e2e                z_impl_zsock_connect
 .text.zsock_listen_ctx
                0x0000000000008e5b       0x45 zephyr/libzephyr.a(sockets.c.obj)
                0x0000000000008e5b                zsock_listen_ctx
 .text.sock_listen_vmeth
                0x0000000000008ea0        0x5 zephyr/libzephyr.a(sockets.c.obj)
 .text.zsock_accept_ctx
                0x0000000000008ea5       0x9e zephyr/libzephyr.a(sockets.c.obj)
                0x0000000000008ea5                zsock_accept_ctx
 .text.sock_accept_vmeth
                0x0000000000008f43        0x5 zephyr/libzephyr.a(sockets.c.obj)
 .text.zsock_sendto_ctx
                0x0000000000008f48       0x97 zephyr/libzephyr.a(sockets.c.obj)
                0x0000000000008f48                zsock_sendto_ctx
 .text.sock_sendto_vmeth
                0x0000000000008fdf        0x5 zephyr/libzephyr.a(sockets.c.obj)
 .text.sock_write_vmeth
                0x0000000000008fe4       0x1c zephyr/libzephyr.a(sockets.c.obj)
 .text.z_impl_zsock_sendto
                0x0000000000009000       0x36 zephyr/libzephyr.a(sockets.c.obj)
                0x0000000000009000                z_impl_zsock_sendto
 .text.zsock_recvfrom_ctx
                0x0000000000009036      0x3da zephyr/libzephyr.a(sockets.c.obj)
                0x0000000000009036                zsock_recvfrom_ctx
 .text.sock_recvfrom_vmeth
                0x0000000000009410        0x5 zephyr/libzephyr.a(sockets.c.obj)
 .text.sock_read_vmeth
                0x0000000000009415       0x1c zephyr/libzephyr.a(sockets.c.obj)
 .text.z_impl_zsock_recvfrom
                0x0000000000009431       0x36 zephyr/libzephyr.a(sockets.c.obj)
                0x0000000000009431                z_impl_zsock_recvfrom
 .text.z_impl_zsock_poll
                0x0000000000009467      0x171 zephyr/libzephyr.a(sockets.c.obj)
                0x0000000000009467                z_impl_zsock_poll
 .text.zsock_setsockopt_ctx
                0x00000000000095d8       0x2f zephyr/libzephyr.a(sockets.c.obj)
                0x00000000000095d8                zsock_setsockopt_ctx
 .text.sock_setsockopt_vmeth
                0x0000000000009607        0x5 zephyr/libzephyr.a(sockets.c.obj)
 .text.sys_rand32_get
                0x000000000000960c        0x3 zephyr/libzephyr.a(rand32_timestamp.c.obj)
                0x000000000000960c                sys_rand32_get
 .text.console_out
                0x000000000000960f       0x31 zephyr/libzephyr.a(uart_console.c.obj)
 .text.uart_console_hook_install
                0x0000000000009640       0x1c zephyr/libzephyr.a(uart_console.c.obj)
                0x0000000000009640                uart_console_hook_install
 .text.uart_console_init
                0x000000000000965c       0x1c zephyr/libzephyr.a(uart_console.c.obj)
 .text.uart_pipe_isr
                0x0000000000009678       0x8d zephyr/libzephyr.a(uart_pipe.c.obj)
 .text.uart_pipe_send
                0x0000000000009705       0x30 zephyr/libzephyr.a(uart_pipe.c.obj)
                0x0000000000009705                uart_pipe_send
 .text.uart_pipe_register
                0x0000000000009735       0x96 zephyr/libzephyr.a(uart_pipe.c.obj)
                0x0000000000009735                uart_pipe_register
 .text.__IoApicSet
                0x00000000000097cb       0x19 zephyr/libzephyr.a(ioapic_intr.c.obj)
 .text._IoApicRedUpdateLo
                0x00000000000097e4       0x31 zephyr/libzephyr.a(ioapic_intr.c.obj)
 .text._ioapic_init
                0x0000000000009815       0x2c zephyr/libzephyr.a(ioapic_intr.c.obj)
                0x0000000000009815                _ioapic_init
 .text.z_ioapic_irq_enable
                0x0000000000009841       0x13 zephyr/libzephyr.a(ioapic_intr.c.obj)
                0x0000000000009841                z_ioapic_irq_enable
 .text.z_ioapic_irq_set
                0x0000000000009854       0x34 zephyr/libzephyr.a(ioapic_intr.c.obj)
                0x0000000000009854                z_ioapic_irq_set
 .text._loapic_init
                0x0000000000009888       0x86 zephyr/libzephyr.a(loapic_intr.c.obj)
 .text.z_loapic_int_vec_set
                0x000000000000990e       0x29 zephyr/libzephyr.a(loapic_intr.c.obj)
                0x000000000000990e                z_loapic_int_vec_set
 .text.z_loapic_irq_enable
                0x0000000000009937       0x2a zephyr/libzephyr.a(loapic_intr.c.obj)
                0x0000000000009937                z_loapic_irq_enable
 .text.__irq_controller_isr_vector_get
                0x0000000000009961       0x2b zephyr/libzephyr.a(loapic_intr.c.obj)
                0x0000000000009961                __irq_controller_isr_vector_get
 .text.__irq_controller_irq_config
                0x000000000000998c       0x26 zephyr/libzephyr.a(system_apic.c.obj)
                0x000000000000998c                __irq_controller_irq_config
 .text.z_arch_irq_enable
                0x00000000000099b2       0x1d zephyr/libzephyr.a(system_apic.c.obj)
                0x00000000000099b2                z_arch_irq_enable
 .text._i8259_init
                0x00000000000099cf        0x9 zephyr/libzephyr.a(i8259.c.obj)
                0x00000000000099cf                _i8259_init
 .text.eth_capabilities
                0x00000000000099d8        0x6 zephyr/libzephyr.a(slip.c.obj)
 .text.slip_init
                0x00000000000099de       0x2f zephyr/libzephyr.a(slip.c.obj)
 .text.recv_cb  0x0000000000009a0d      0x261 zephyr/libzephyr.a(slip.c.obj)
 .text.slip_writeb
                0x0000000000009c6e       0x16 zephyr/libzephyr.a(slip.c.obj)
 .text.slip_send
                0x0000000000009c84       0x79 zephyr/libzephyr.a(slip.c.obj)
 .text.slip_iface_init
                0x0000000000009cfd       0x60 zephyr/libzephyr.a(slip.c.obj)
 .text.hpet_isr
                0x0000000000009d5d       0x3c zephyr/libzephyr.a(hpet.c.obj)
 .text.z_clock_driver_init
                0x0000000000009d99       0xc6 zephyr/libzephyr.a(hpet.c.obj)
                0x0000000000009d99                z_clock_driver_init
 .text.irqstubs
                0x0000000000009e5f        0xc zephyr/libzephyr.a(hpet.c.obj)
                0x0000000000009e5f                hpet_isr_irq2_stub
 .text.z_clock_set_timeout
                0x0000000000009e6b       0x86 zephyr/libzephyr.a(hpet.c.obj)
                0x0000000000009e6b                z_clock_set_timeout
 .text.z_clock_elapsed
                0x0000000000009ef1       0x1e zephyr/libzephyr.a(hpet.c.obj)
                0x0000000000009ef1                z_clock_elapsed
 .text.z_timer_cycle_get_32
                0x0000000000009f0f        0x6 zephyr/libzephyr.a(hpet.c.obj)
                0x0000000000009f0f                z_timer_cycle_get_32
 .text.init_cache
                0x0000000000009f15       0x11 zephyr/arch/arch/x86/core/libarch__x86__core.a(cache.c.obj)
 .text._cache_line_size_get
                0x0000000000009f26       0x14 zephyr/arch/arch/x86/core/libarch__x86__core.a(cache_s.S.obj)
                0x0000000000009f26                _cache_line_size_get
 .text.k_cpu_idle
                0x0000000000009f3a        0x3 zephyr/arch/arch/x86/core/libarch__x86__core.a(cpuhalt.c.obj)
                0x0000000000009f3a                k_cpu_idle
 .text._exception_enter
                0x0000000000009f3d       0x2c zephyr/arch/arch/x86/core/libarch__x86__core.a(excstub.S.obj)
                0x0000000000009f3d                _exception_enter
 .text._kernel_oops_handler
                0x0000000000009f69        0xc zephyr/arch/arch/x86/core/libarch__x86__core.a(excstub.S.obj)
                0x0000000000009f69                _kernel_oops_handler
 .text._interrupt_enter
                0x0000000000009f75       0x51 zephyr/arch/arch/x86/core/libarch__x86__core.a(intstub.S.obj)
                0x0000000000009f75                _interrupt_enter
 .text._SpuriousIntNoErrCodeHandler
                0x0000000000009fc6        0x2 zephyr/arch/arch/x86/core/libarch__x86__core.a(intstub.S.obj)
                0x0000000000009fc6                _SpuriousIntNoErrCodeHandler
 .text._SpuriousIntHandler
                0x0000000000009fc8       0x16 zephyr/arch/arch/x86/core/libarch__x86__core.a(intstub.S.obj)
                0x0000000000009fc8                _SpuriousIntHandler
 .text.__swap   0x0000000000009fde       0x29 zephyr/arch/arch/x86/core/libarch__x86__core.a(swap.S.obj)
                0x0000000000009fde                __swap
 .text._x86_thread_entry_wrapper
                0x000000000000a007        0x9 zephyr/arch/arch/x86/core/libarch__x86__core.a(swap.S.obj)
                0x000000000000a007                _x86_thread_entry_wrapper
 .text.z_SysFatalErrorHandler
                0x000000000000a010       0x71 zephyr/arch/arch/x86/core/libarch__x86__core.a(sys_fatal_error_handler.c.obj)
                0x000000000000a010                z_SysFatalErrorHandler
 .text.z_new_thread
                0x000000000000a081       0x6b zephyr/arch/arch/x86/core/libarch__x86__core.a(thread.c.obj)
                0x000000000000a081                z_new_thread
 .text.z_x86_mmu_get_flags
                0x000000000000a0ec       0x7a zephyr/arch/arch/x86/core/libarch__x86__core.a(x86_mmu.c.obj)
                0x000000000000a0ec                z_x86_mmu_get_flags
 .text.dump_entry_flags
                0x000000000000a166       0x59 zephyr/arch/arch/x86/core/libarch__x86__core.a(fatal.c.obj)
 .text._debug_fatal_hook
                0x000000000000a1bf        0x1 zephyr/arch/arch/x86/core/libarch__x86__core.a(fatal.c.obj)
                0x000000000000a1bf                _debug_fatal_hook
 .text.z_NanoFatalErrorHandler
                0x000000000000a1c0      0x137 zephyr/arch/arch/x86/core/libarch__x86__core.a(fatal.c.obj)
                0x000000000000a1c0                z_NanoFatalErrorHandler
 .text.generic_exc_handle
                0x000000000000a2f7       0x66 zephyr/arch/arch/x86/core/libarch__x86__core.a(fatal.c.obj)
 .text._do_kernel_oops
                0x000000000000a35d       0x10 zephyr/arch/arch/x86/core/libarch__x86__core.a(fatal.c.obj)
                0x000000000000a35d                _do_kernel_oops
 .text.handle_exc_0
                0x000000000000a36d        0xd zephyr/arch/arch/x86/core/libarch__x86__core.a(fatal.c.obj)
                0x000000000000a36d                handle_exc_0
 .text.handle_exc_2
                0x000000000000a37a       0x10 zephyr/arch/arch/x86/core/libarch__x86__core.a(fatal.c.obj)
                0x000000000000a37a                handle_exc_2
 .text.handle_exc_4
                0x000000000000a38a       0x10 zephyr/arch/arch/x86/core/libarch__x86__core.a(fatal.c.obj)
                0x000000000000a38a                handle_exc_4
 .text.handle_exc_5
                0x000000000000a39a       0x10 zephyr/arch/arch/x86/core/libarch__x86__core.a(fatal.c.obj)
                0x000000000000a39a                handle_exc_5
 .text.handle_exc_6
                0x000000000000a3aa       0x10 zephyr/arch/arch/x86/core/libarch__x86__core.a(fatal.c.obj)
                0x000000000000a3aa                handle_exc_6
 .text.handle_exc_7
                0x000000000000a3ba       0x10 zephyr/arch/arch/x86/core/libarch__x86__core.a(fatal.c.obj)
                0x000000000000a3ba                handle_exc_7
 .text.handle_exc_8
                0x000000000000a3ca       0x10 zephyr/arch/arch/x86/core/libarch__x86__core.a(fatal.c.obj)
                0x000000000000a3ca                handle_exc_8
 .text.handle_exc_10
                0x000000000000a3da       0x10 zephyr/arch/arch/x86/core/libarch__x86__core.a(fatal.c.obj)
                0x000000000000a3da                handle_exc_10
 .text.handle_exc_11
                0x000000000000a3ea       0x10 zephyr/arch/arch/x86/core/libarch__x86__core.a(fatal.c.obj)
                0x000000000000a3ea                handle_exc_11
 .text.handle_exc_12
                0x000000000000a3fa       0x10 zephyr/arch/arch/x86/core/libarch__x86__core.a(fatal.c.obj)
                0x000000000000a3fa                handle_exc_12
 .text.handle_exc_13
                0x000000000000a40a       0x10 zephyr/arch/arch/x86/core/libarch__x86__core.a(fatal.c.obj)
                0x000000000000a40a                handle_exc_13
 .text.handle_exc_16
                0x000000000000a41a       0x10 zephyr/arch/arch/x86/core/libarch__x86__core.a(fatal.c.obj)
                0x000000000000a41a                handle_exc_16
 .text.handle_exc_17
                0x000000000000a42a       0x10 zephyr/arch/arch/x86/core/libarch__x86__core.a(fatal.c.obj)
                0x000000000000a42a                handle_exc_17
 .text.handle_exc_18
                0x000000000000a43a       0x10 zephyr/arch/arch/x86/core/libarch__x86__core.a(fatal.c.obj)
                0x000000000000a43a                handle_exc_18
 .text.page_fault_handler
                0x000000000000a44a       0xa1 zephyr/arch/arch/x86/core/libarch__x86__core.a(fatal.c.obj)
                0x000000000000a44a                page_fault_handler
 .text.strtol   0x000000000000a4eb      0x147 zephyr/lib/libc/minimal/liblib__libc__minimal.a(strtol.c.obj)
                0x000000000000a4eb                strtol
 .text.strtoul  0x000000000000a632      0x13f zephyr/lib/libc/minimal/liblib__libc__minimal.a(strtoul.c.obj)
                0x000000000000a632                strtoul
 .text.strstr   0x000000000000a771       0x5a zephyr/lib/libc/minimal/liblib__libc__minimal.a(strstr.c.obj)
                0x000000000000a771                strstr
 .text.strcpy   0x000000000000a7cb       0x22 zephyr/lib/libc/minimal/liblib__libc__minimal.a(string.c.obj)
                0x000000000000a7cb                strcpy
 .text.strncpy  0x000000000000a7ed       0x3c zephyr/lib/libc/minimal/liblib__libc__minimal.a(string.c.obj)
                0x000000000000a7ed                strncpy
 .text.strchr   0x000000000000a829       0x22 zephyr/lib/libc/minimal/liblib__libc__minimal.a(string.c.obj)
                0x000000000000a829                strchr
 .text.strrchr  0x000000000000a84b       0x18 zephyr/lib/libc/minimal/liblib__libc__minimal.a(string.c.obj)
                0x000000000000a84b                strrchr
 .text.strlen   0x000000000000a863       0x13 zephyr/lib/libc/minimal/liblib__libc__minimal.a(string.c.obj)
                0x000000000000a863                strlen
 .text.strcmp   0x000000000000a876       0x20 zephyr/lib/libc/minimal/liblib__libc__minimal.a(string.c.obj)
                0x000000000000a876                strcmp
 .text.strncmp  0x000000000000a896       0x30 zephyr/lib/libc/minimal/liblib__libc__minimal.a(string.c.obj)
                0x000000000000a896                strncmp
 .text.memcmp   0x000000000000a8c6       0x32 zephyr/lib/libc/minimal/liblib__libc__minimal.a(string.c.obj)
                0x000000000000a8c6                memcmp
 .text.memmove  0x000000000000a8f8       0x39 zephyr/lib/libc/minimal/liblib__libc__minimal.a(string.c.obj)
                0x000000000000a8f8                memmove
 .text.memcpy   0x000000000000a931       0x6f zephyr/lib/libc/minimal/liblib__libc__minimal.a(string.c.obj)
                0x000000000000a931                memcpy
 .text.memset   0x000000000000a9a0       0x71 zephyr/lib/libc/minimal/liblib__libc__minimal.a(string.c.obj)
                0x000000000000a9a0                memset
 .text._to_x    0x000000000000aa11       0x5c zephyr/lib/libc/minimal/liblib__libc__minimal.a(prf.c.obj)
 .text._rlrshift
                0x000000000000aa6d       0x2c zephyr/lib/libc/minimal/liblib__libc__minimal.a(prf.c.obj)
 .text._ldiv5   0x000000000000aa99       0x97 zephyr/lib/libc/minimal/liblib__libc__minimal.a(prf.c.obj)
 .text._get_digit
                0x000000000000ab30       0x45 zephyr/lib/libc/minimal/liblib__libc__minimal.a(prf.c.obj)
 .text._prf     0x000000000000ab75      0xbe0 zephyr/lib/libc/minimal/liblib__libc__minimal.a(prf.c.obj)
                0x000000000000ab75                _prf
 .text._stdout_hook_default
                0x000000000000b755        0x4 zephyr/lib/libc/minimal/liblib__libc__minimal.a(stdout_console.c.obj)
 .text.__stdout_hook_install
                0x000000000000b759        0xd zephyr/lib/libc/minimal/liblib__libc__minimal.a(stdout_console.c.obj)
                0x000000000000b759                __stdout_hook_install
 .text.sprintf_out
                0x000000000000b766       0x1c zephyr/lib/libc/minimal/liblib__libc__minimal.a(sprintf.c.obj)
 .text.snprintf
                0x000000000000b782       0x39 zephyr/lib/libc/minimal/liblib__libc__minimal.a(sprintf.c.obj)
                0x000000000000b782                snprintf
 .text.fixed_data_unref
                0x000000000000b7bb        0x1 zephyr/subsys/net/libsubsys__net.a(buf.c.obj)
 .text.net_buf_id
                0x000000000000b7bc       0x1e zephyr/subsys/net/libsubsys__net.a(buf.c.obj)
                0x000000000000b7bc                net_buf_id
 .text.fixed_data_alloc
                0x000000000000b7da       0x3b zephyr/subsys/net/libsubsys__net.a(buf.c.obj)
 .text.net_buf_alloc_len
                0x000000000000b815      0x11c zephyr/subsys/net/libsubsys__net.a(buf.c.obj)
                0x000000000000b815                net_buf_alloc_len
 .text.net_buf_alloc_fixed
                0x000000000000b931       0x1c zephyr/subsys/net/libsubsys__net.a(buf.c.obj)
                0x000000000000b931                net_buf_alloc_fixed
 .text.net_buf_unref
                0x000000000000b94d       0x77 zephyr/subsys/net/libsubsys__net.a(buf.c.obj)
                0x000000000000b94d                net_buf_unref
 .text.net_buf_frag_last
                0x000000000000b9c4       0x12 zephyr/subsys/net/libsubsys__net.a(buf.c.obj)
                0x000000000000b9c4                net_buf_frag_last
 .text.net_buf_frag_insert
                0x000000000000b9d6       0x25 zephyr/subsys/net/libsubsys__net.a(buf.c.obj)
                0x000000000000b9d6                net_buf_frag_insert
 .text.net_buf_simple_add
                0x000000000000b9fb       0x17 zephyr/subsys/net/libsubsys__net.a(buf.c.obj)
                0x000000000000b9fb                net_buf_simple_add
 .text.net_buf_simple_add_u8
                0x000000000000ba12       0x1a zephyr/subsys/net/libsubsys__net.a(buf.c.obj)
                0x000000000000ba12                net_buf_simple_add_u8
 .text.net_buf_simple_pull
                0x000000000000ba2c       0x13 zephyr/subsys/net/libsubsys__net.a(buf.c.obj)
                0x000000000000ba2c                net_buf_simple_pull
 .text.net_buf_simple_tailroom
                0x000000000000ba3f       0x19 zephyr/subsys/net/libsubsys__net.a(buf.c.obj)
                0x000000000000ba3f                net_buf_simple_tailroom
 .text.sys_slist_remove
                0x000000000000ba58       0x29 zephyr/subsys/net/l2/ethernet/libsubsys__net__l2__ethernet.a(arp.c.obj)
 .text.arp_entry_find
                0x000000000000ba81       0x2a zephyr/subsys/net/l2/ethernet/libsubsys__net__l2__ethernet.a(arp.c.obj)
 .text.arp_entry_cleanup
                0x000000000000baab       0x46 zephyr/subsys/net/l2/ethernet/libsubsys__net__l2__ethernet.a(arp.c.obj)
 .text.if_get_addr.isra.14
                0x000000000000baf1       0x4a zephyr/subsys/net/l2/ethernet/libsubsys__net__l2__ethernet.a(arp.c.obj)
 .text.arp_request_timeout
                0x000000000000bb3b       0xc4 zephyr/subsys/net/l2/ethernet/libsubsys__net__l2__ethernet.a(arp.c.obj)
 .text.arp_update
                0x000000000000bbff      0x12a zephyr/subsys/net/l2/ethernet/libsubsys__net__l2__ethernet.a(arp.c.obj)
 .text.net_arp_prepare
                0x000000000000bd29      0x2d2 zephyr/subsys/net/l2/ethernet/libsubsys__net__l2__ethernet.a(arp.c.obj)
                0x000000000000bd29                net_arp_prepare
 .text.net_arp_input
                0x000000000000bffb      0x267 zephyr/subsys/net/l2/ethernet/libsubsys__net__l2__ethernet.a(arp.c.obj)
                0x000000000000bffb                net_arp_input
 .text.net_arp_clear_cache
                0x000000000000c262       0xed zephyr/subsys/net/l2/ethernet/libsubsys__net__l2__ethernet.a(arp.c.obj)
                0x000000000000c262                net_arp_clear_cache
 .text.net_arp_foreach
                0x000000000000c34f       0x28 zephyr/subsys/net/l2/ethernet/libsubsys__net__l2__ethernet.a(arp.c.obj)
                0x000000000000c34f                net_arp_foreach
 .text.net_arp_init
                0x000000000000c377       0x77 zephyr/subsys/net/l2/ethernet/libsubsys__net__l2__ethernet.a(arp.c.obj)
                0x000000000000c377                net_arp_init
 .text.net_eth_get_hw_capabilities
                0x000000000000c3ee       0x1a zephyr/subsys/net/l2/ethernet/libsubsys__net__l2__ethernet.a(ethernet.c.obj)
 .text.ethernet_flags
                0x000000000000c408       0x10 zephyr/subsys/net/l2/ethernet/libsubsys__net__l2__ethernet.a(ethernet.c.obj)
                0x000000000000c408                ethernet_flags
 .text.ethernet_enable
                0x000000000000c418       0x3d zephyr/subsys/net/l2/ethernet/libsubsys__net__l2__ethernet.a(ethernet.c.obj)
 .text.ethernet_recv
                0x000000000000c455      0x166 zephyr/subsys/net/l2/ethernet/libsubsys__net__l2__ethernet.a(ethernet.c.obj)
 .text.ethernet_send
                0x000000000000c5bb      0x203 zephyr/subsys/net/l2/ethernet/libsubsys__net__l2__ethernet.a(ethernet.c.obj)
 .text.net_eth_broadcast_addr
                0x000000000000c7be        0x6 zephyr/subsys/net/l2/ethernet/libsubsys__net__l2__ethernet.a(ethernet.c.obj)
                0x000000000000c7be                net_eth_broadcast_addr
 .text.ethernet_init
                0x000000000000c7c4       0x2b zephyr/subsys/net/l2/ethernet/libsubsys__net__l2__ethernet.a(ethernet.c.obj)
                0x000000000000c7c4                ethernet_init
 .text.net_ipv4_is_addr_mcast
                0x000000000000c7ef       0x12 zephyr/subsys/net/ip/libsubsys__net__ip.a(net_context.c.obj)
 .text.net_ipv6_is_addr_unspecified
                0x000000000000c801       0x22 zephyr/subsys/net/ip/libsubsys__net__ip.a(net_context.c.obj)
 .text.check_used_port
                0x000000000000c823       0x77 zephyr/subsys/net/ip/libsubsys__net__ip.a(net_context.c.obj)
 .text.find_available_port
                0x000000000000c89a       0x35 zephyr/subsys/net/ip/libsubsys__net__ip.a(net_context.c.obj)
 .text.k_mutex_lock.constprop.33
                0x000000000000c8cf        0xf zephyr/subsys/net/ip/libsubsys__net__ip.a(net_context.c.obj)
 .text.net_context_packet_received
                0x000000000000c8de       0xba zephyr/subsys/net/ip/libsubsys__net__ip.a(net_context.c.obj)
                0x000000000000c8de                net_context_packet_received
 .text.net_context_get
                0x000000000000c998      0x1c6 zephyr/subsys/net/ip/libsubsys__net__ip.a(net_context.c.obj)
                0x000000000000c998                net_context_get
 .text.net_context_ref
                0x000000000000cb5e       0x13 zephyr/subsys/net/ip/libsubsys__net__ip.a(net_context.c.obj)
                0x000000000000cb5e                net_context_ref
 .text.net_context_unref
                0x000000000000cb71       0x4f zephyr/subsys/net/ip/libsubsys__net__ip.a(net_context.c.obj)
                0x000000000000cb71                net_context_unref
 .text.net_context_put
                0x000000000000cbc0       0x60 zephyr/subsys/net/ip/libsubsys__net__ip.a(net_context.c.obj)
                0x000000000000cbc0                net_context_put
 .text.net_context_bind
                0x000000000000cc20      0x2da zephyr/subsys/net/ip/libsubsys__net__ip.a(net_context.c.obj)
                0x000000000000cc20                net_context_bind
 .text.bind_default
                0x000000000000cefa       0x94 zephyr/subsys/net/ip/libsubsys__net__ip.a(net_context.c.obj)
 .text.net_context_listen
                0x000000000000cf8e       0x30 zephyr/subsys/net/ip/libsubsys__net__ip.a(net_context.c.obj)
                0x000000000000cf8e                net_context_listen
 .text.net_context_create_ipv4_new
                0x000000000000cfbe       0x66 zephyr/subsys/net/ip/libsubsys__net__ip.a(net_context.c.obj)
                0x000000000000cfbe                net_context_create_ipv4_new
 .text.net_context_create_ipv6_new
                0x000000000000d024       0x54 zephyr/subsys/net/ip/libsubsys__net__ip.a(net_context.c.obj)
                0x000000000000d024                net_context_create_ipv6_new
 .text.context_sendto.constprop.30
                0x000000000000d078      0x20f zephyr/subsys/net/ip/libsubsys__net__ip.a(net_context.c.obj)
 .text.net_context_connect
                0x000000000000d287      0x196 zephyr/subsys/net/ip/libsubsys__net__ip.a(net_context.c.obj)
                0x000000000000d287                net_context_connect
 .text.net_context_accept
                0x000000000000d41d       0x62 zephyr/subsys/net/ip/libsubsys__net__ip.a(net_context.c.obj)
                0x000000000000d41d                net_context_accept
 .text.net_context_send
                0x000000000000d47f       0x78 zephyr/subsys/net/ip/libsubsys__net__ip.a(net_context.c.obj)
                0x000000000000d47f                net_context_send
 .text.net_context_sendto
                0x000000000000d4f7       0x43 zephyr/subsys/net/ip/libsubsys__net__ip.a(net_context.c.obj)
                0x000000000000d4f7                net_context_sendto
 .text.net_context_recv
                0x000000000000d53a      0x171 zephyr/subsys/net/ip/libsubsys__net__ip.a(net_context.c.obj)
                0x000000000000d53a                net_context_recv
 .text.net_context_update_recv_wnd
                0x000000000000d6ab       0x22 zephyr/subsys/net/ip/libsubsys__net__ip.a(net_context.c.obj)
                0x000000000000d6ab                net_context_update_recv_wnd
 .text.net_context_foreach
                0x000000000000d6cd       0x67 zephyr/subsys/net/ip/libsubsys__net__ip.a(net_context.c.obj)
                0x000000000000d6cd                net_context_foreach
 .text.net_context_init
                0x000000000000d734       0x16 zephyr/subsys/net/ip/libsubsys__net__ip.a(net_context.c.obj)
                0x000000000000d734                net_context_init
 .text.net_ipv6_is_addr_loopback
                0x000000000000d74a       0x25 zephyr/subsys/net/ip/libsubsys__net__ip.a(net_core.c.obj)
 .text.process_data
                0x000000000000d76f       0x6c zephyr/subsys/net/ip/libsubsys__net__ip.a(net_core.c.obj)
 .text.net_init
                0x000000000000d7db       0x43 zephyr/subsys/net/ip/libsubsys__net__ip.a(net_core.c.obj)
 .text.process_rx_packet
                0x000000000000d81e       0x2f zephyr/subsys/net/ip/libsubsys__net__ip.a(net_core.c.obj)
 .text.net_send_data
                0x000000000000d84d      0x1f8 zephyr/subsys/net/ip/libsubsys__net__ip.a(net_core.c.obj)
                0x000000000000d84d                net_send_data
 .text.net_recv_data
                0x000000000000da45       0x89 zephyr/subsys/net/ip/libsubsys__net__ip.a(net_core.c.obj)
                0x000000000000da45                net_recv_data
 .text.sys_slist_find_and_remove
                0x000000000000dace       0x41 zephyr/subsys/net/ip/libsubsys__net__ip.a(net_if.c.obj)
 .text.net_ipv4_is_addr_mcast
                0x000000000000db0f       0x12 zephyr/subsys/net/ip/libsubsys__net__ip.a(net_if.c.obj)
 .text.net_ipv4_is_ll_addr
                0x000000000000db21       0x12 zephyr/subsys/net/ip/libsubsys__net__ip.a(net_if.c.obj)
 .text.net_context_send_cb
                0x000000000000db33       0x1a zephyr/subsys/net/ip/libsubsys__net__ip.a(net_if.c.obj)
 .text.get_ipaddr_diff
                0x000000000000db4d       0x5c zephyr/subsys/net/ip/libsubsys__net__ip.a(net_if.c.obj)
 .text.ipv6_router_expired
                0x000000000000dba9        0xc zephyr/subsys/net/ip/libsubsys__net__ip.a(net_if.c.obj)
 .text.ipv4_maddr_find
                0x000000000000dbb5       0x6f zephyr/subsys/net/ip/libsubsys__net__ip.a(net_if.c.obj)
 .text.atomic_test_bit
                0x000000000000dc24        0xa zephyr/subsys/net/ip/libsubsys__net__ip.a(net_if.c.obj)
 .text.net_ipv6_is_prefix
                0x000000000000dc2e       0x69 zephyr/subsys/net/ip/libsubsys__net__ip.a(net_if.c.obj)
 .text.net_ipv6_addr_cmp
                0x000000000000dc97       0x16 zephyr/subsys/net/ip/libsubsys__net__ip.a(net_if.c.obj)
 .text.k_delayed_work_submit
                0x000000000000dcad       0x14 zephyr/subsys/net/ip/libsubsys__net__ip.a(net_if.c.obj)
 .text.net_mgmt_event_notify
                0x000000000000dcc1       0x13 zephyr/subsys/net/ip/libsubsys__net__ip.a(net_if.c.obj)
 .text.address_lifetime_timeout
                0x000000000000dcd4      0x113 zephyr/subsys/net/ip/libsubsys__net__ip.a(net_if.c.obj)
 .text.net_if_ipv6_get_best_match.isra.16
                0x000000000000dde7       0x85 zephyr/subsys/net/ip/libsubsys__net__ip.a(net_if.c.obj)
 .text.net_if_ipv4_get_best_match.isra.17
                0x000000000000de6c       0x73 zephyr/subsys/net/ip/libsubsys__net__ip.a(net_if.c.obj)
 .text.need_calc_checksum.part.19
                0x000000000000dedf       0x26 zephyr/subsys/net/ip/libsubsys__net__ip.a(net_if.c.obj)
 .text.net_if_ipv6_start_dad
                0x000000000000df05       0x48 zephyr/subsys/net/ip/libsubsys__net__ip.a(net_if.c.obj)
 .text.net_if_queue_tx
                0x000000000000df4d       0x36 zephyr/subsys/net/ip/libsubsys__net__ip.a(net_if.c.obj)
                0x000000000000df4d                net_if_queue_tx
 .text.net_if_get_default
                0x000000000000df83        0xf zephyr/subsys/net/ip/libsubsys__net__ip.a(net_if.c.obj)
                0x000000000000df83                net_if_get_default
 .text.net_if_config_ipv6_get
                0x000000000000df92       0x43 zephyr/subsys/net/ip/libsubsys__net__ip.a(net_if.c.obj)
                0x000000000000df92                net_if_config_ipv6_get
 .text.net_if_start_rs